ARM Linker, 5.03 [Build 76] [MDK-ARM Lite]

==============================================================================

Section Cross References

    startup_stm32l1xx_md.o(RESET) refers to startup_stm32l1xx_md.o(STACK) for __initial_sp
    startup_stm32l1xx_md.o(RESET) refers to startup_stm32l1xx_md.o(.text) for Reset_Handler
    startup_stm32l1xx_md.o(RESET) refers to stm32l1xx_it.o(i.NMI_Handler) for NMI_Handler
    startup_stm32l1xx_md.o(RESET) refers to stm32l1xx_it.o(i.HardFault_Handler) for HardFault_Handler
    startup_stm32l1xx_md.o(RESET) refers to stm32l1xx_it.o(i.MemManage_Handler) for MemManage_Handler
    startup_stm32l1xx_md.o(RESET) refers to stm32l1xx_it.o(i.BusFault_Handler) for BusFault_Handler
    startup_stm32l1xx_md.o(RESET) refers to stm32l1xx_it.o(i.UsageFault_Handler) for UsageFault_Handler
    startup_stm32l1xx_md.o(RESET) refers to stm32l1xx_it.o(i.SVC_Handler) for SVC_Handler
    startup_stm32l1xx_md.o(RESET) refers to stm32l1xx_it.o(i.DebugMon_Handler) for DebugMon_Handler
    startup_stm32l1xx_md.o(RESET) refers to stm32l1xx_it.o(i.PendSV_Handler) for PendSV_Handler
    startup_stm32l1xx_md.o(RESET) refers to stm32l1xx_it.o(i.SysTick_Handler) for SysTick_Handler
    startup_stm32l1xx_md.o(RESET) refers to stm32l1xx_it.o(i.RTC_WKUP_IRQHandler) for RTC_WKUP_IRQHandler
    startup_stm32l1xx_md.o(RESET) refers to stm32l1xx_it.o(i.EXTI0_IRQHandler) for EXTI0_IRQHandler
    startup_stm32l1xx_md.o(RESET) refers to stm32l1xx_it.o(i.DMA1_Channel1_IRQHandler) for DMA1_Channel1_IRQHandler
    startup_stm32l1xx_md.o(RESET) refers to stm32l1xx_it.o(i.USART2_IRQHandler) for USART2_IRQHandler
    startup_stm32l1xx_md.o(RESET) refers to stm32l1xx_it.o(i.USART3_IRQHandler) for USART3_IRQHandler
    startup_stm32l1xx_md.o(.text) refers to system_stm32l1xx.o(i.SystemInit) for SystemInit
    startup_stm32l1xx_md.o(.text) refers to entry.o(.ARM.Collect$$$$00000000) for __main
    stm32l1xx_wwdg.o(i.WWDG_DeInit) refers to stm32l1xx_rcc.o(i.RCC_APB1PeriphResetCmd) for RCC_APB1PeriphResetCmd
    stm32l1xx_adc.o(i.ADC_DeInit) refers to stm32l1xx_rcc.o(i.RCC_APB2PeriphResetCmd) for RCC_APB2PeriphResetCmd
    stm32l1xx_dac.o(i.DAC_DeInit) refers to stm32l1xx_rcc.o(i.RCC_APB1PeriphResetCmd) for RCC_APB1PeriphResetCmd
    stm32l1xx_flash.o(i.DATA_EEPROM_EraseWord) refers to stm32l1xx_flash.o(i.FLASH_WaitForLastOperation) for FLASH_WaitForLastOperation
    stm32l1xx_flash.o(i.DATA_EEPROM_FastProgramByte) refers to stm32l1xx_flash.o(i.FLASH_WaitForLastOperation) for FLASH_WaitForLastOperation
    stm32l1xx_flash.o(i.DATA_EEPROM_FastProgramByte) refers to stm32l1xx_flash.o(i.DATA_EEPROM_EraseWord) for DATA_EEPROM_EraseWord
    stm32l1xx_flash.o(i.DATA_EEPROM_FastProgramByte) refers to stm32l1xx_flash.o(i.DATA_EEPROM_FastProgramWord) for DATA_EEPROM_FastProgramWord
    stm32l1xx_flash.o(i.DATA_EEPROM_FastProgramHalfWord) refers to stm32l1xx_flash.o(i.FLASH_WaitForLastOperation) for FLASH_WaitForLastOperation
    stm32l1xx_flash.o(i.DATA_EEPROM_FastProgramHalfWord) refers to stm32l1xx_flash.o(i.DATA_EEPROM_EraseWord) for DATA_EEPROM_EraseWord
    stm32l1xx_flash.o(i.DATA_EEPROM_FastProgramHalfWord) refers to stm32l1xx_flash.o(i.DATA_EEPROM_FastProgramWord) for DATA_EEPROM_FastProgramWord
    stm32l1xx_flash.o(i.DATA_EEPROM_FastProgramHalfWord) refers to stm32l1xx_flash.o(i.DATA_EEPROM_FastProgramByte) for DATA_EEPROM_FastProgramByte
    stm32l1xx_flash.o(i.DATA_EEPROM_FastProgramWord) refers to stm32l1xx_flash.o(i.FLASH_WaitForLastOperation) for FLASH_WaitForLastOperation
    stm32l1xx_flash.o(i.DATA_EEPROM_ProgramByte) refers to stm32l1xx_flash.o(i.FLASH_WaitForLastOperation) for FLASH_WaitForLastOperation
    stm32l1xx_flash.o(i.DATA_EEPROM_ProgramByte) refers to stm32l1xx_flash.o(i.DATA_EEPROM_EraseWord) for DATA_EEPROM_EraseWord
    stm32l1xx_flash.o(i.DATA_EEPROM_ProgramByte) refers to stm32l1xx_flash.o(i.DATA_EEPROM_FastProgramWord) for DATA_EEPROM_FastProgramWord
    stm32l1xx_flash.o(i.DATA_EEPROM_ProgramHalfWord) refers to stm32l1xx_flash.o(i.FLASH_WaitForLastOperation) for FLASH_WaitForLastOperation
    stm32l1xx_flash.o(i.DATA_EEPROM_ProgramHalfWord) refers to stm32l1xx_flash.o(i.DATA_EEPROM_EraseWord) for DATA_EEPROM_EraseWord
    stm32l1xx_flash.o(i.DATA_EEPROM_ProgramHalfWord) refers to stm32l1xx_flash.o(i.DATA_EEPROM_FastProgramWord) for DATA_EEPROM_FastProgramWord
    stm32l1xx_flash.o(i.DATA_EEPROM_ProgramHalfWord) refers to stm32l1xx_flash.o(i.DATA_EEPROM_FastProgramByte) for DATA_EEPROM_FastProgramByte
    stm32l1xx_flash.o(i.DATA_EEPROM_ProgramWord) refers to stm32l1xx_flash.o(i.FLASH_WaitForLastOperation) for FLASH_WaitForLastOperation
    stm32l1xx_flash.o(i.FLASH_ErasePage) refers to stm32l1xx_flash.o(i.FLASH_WaitForLastOperation) for FLASH_WaitForLastOperation
    stm32l1xx_flash.o(i.FLASH_FastProgramWord) refers to stm32l1xx_flash.o(i.FLASH_WaitForLastOperation) for FLASH_WaitForLastOperation
[...]
    Removing stm32l1xx_tim.o(i.TIM_TimeBaseStructInit), (16 bytes).
    Removing stm32l1xx_tim.o(i.TIM_UpdateDisableConfig), (20 bytes).
    Removing stm32l1xx_tim.o(i.TIM_UpdateRequestConfig), (20 bytes).
    Removing stm32l1xx_usart.o(.rev16_text), (4 bytes).
    Removing stm32l1xx_usart.o(.revsh_text), (4 bytes).
    Removing stm32l1xx_usart.o(i.USART_ClockInit), (28 bytes).
    Removing stm32l1xx_usart.o(i.USART_ClockStructInit), (12 bytes).
    Removing stm32l1xx_usart.o(i.USART_DMACmd), (16 bytes).
    Removing stm32l1xx_usart.o(i.USART_DeInit), (84 bytes).
    Removing stm32l1xx_usart.o(i.USART_HalfDuplexCmd), (20 bytes).
    Removing stm32l1xx_usart.o(i.USART_IrDACmd), (20 bytes).
    Removing stm32l1xx_usart.o(i.USART_IrDAConfig), (16 bytes).
    Removing stm32l1xx_usart.o(i.USART_LINBreakDetectLengthConfig), (16 bytes).
    Removing stm32l1xx_usart.o(i.USART_LINCmd), (20 bytes).
    Removing stm32l1xx_usart.o(i.USART_OneBitMethodCmd), (20 bytes).
    Removing stm32l1xx_usart.o(i.USART_OverSampling8Cmd), (20 bytes).
    Removing stm32l1xx_usart.o(i.USART_ReceiverWakeUpCmd), (20 bytes).
    Removing stm32l1xx_usart.o(i.USART_SendBreak), (10 bytes).
    Removing stm32l1xx_usart.o(i.USART_SetAddress), (16 bytes).
    Removing stm32l1xx_usart.o(i.USART_SetGuardTime), (16 bytes).
    Removing stm32l1xx_usart.o(i.USART_SetPrescaler), (16 bytes).
    Removing stm32l1xx_usart.o(i.USART_SmartCardCmd), (20 bytes).
    Removing stm32l1xx_usart.o(i.USART_SmartCardNACKCmd), (20 bytes).
    Removing stm32l1xx_usart.o(i.USART_StructInit), (22 bytes).
    Removing stm32l1xx_usart.o(i.USART_WakeUpConfig), (16 bytes).
    Removing stm32l_discovery_lcd.o(.rev16_text), (4 bytes).
    Removing stm32l_discovery_lcd.o(.revsh_text), (4 bytes).
    Removing stm32l_discovery_lcd.o(i.LCD_GLASS_DisplayStrDeci), (68 bytes).
    Removing stm32l_discovery_lcd.o(i.LCD_contrast), (60 bytes).
    Removing system_stm32l1xx.o(.rev16_text), (4 bytes).
    Removing system_stm32l1xx.o(.revsh_text), (4 bytes).
    Removing system_stm32l1xx.o(i.SystemCoreClockUpdate), (140 bytes).
    Removing system_stm32l1xx.o(.data), (29 bytes).
    Removing stm32l1xx_it.o(.rev16_text), (4 bytes).
    Removing stm32l1xx_it.o(.revsh_text), (4 bytes).
    Removing stm32l1xx_it.o(.data), (20 bytes).
    Removing stm32l1xx_it.o(.data), (1 bytes).
    Removing main.o(.rev16_text), (4 bytes).
    Removing main.o(.revsh_text), (4 bytes).
    Removing main.o(i.clearADCDMA_TransferComplete), (12 bytes).
    Removing main.o(i.clearUserButtonFlag), (12 bytes).
    Removing main.o(.data), (4 bytes).
    Removing main.o(.data), (2 bytes).
    Removing main.o(.data), (4 bytes).
    Removing main.o(.data), (4 bytes).
    Removing main.o(.data), (2 bytes).
    Removing main.o(.data), (2 bytes).
    Removing main.o(.data), (2 bytes).
    Removing service.o(.rev16_text), (4 bytes).
    Removing service.o(.revsh_text), (4 bytes).
    Removing service.o(.bss), (100 bytes).
    Removing service.o(.bss), (100 bytes).
    Removing service.o(.bss), (32 bytes).
    Removing service.o(.data), (1 bytes).

442 unused section(s) (total 11299 bytes) removed from the image.

==============================================================================

Image Symbol Table

    Local Symbols

    Symbol Name                              Value     Ov Type        Size  Object(Section)

    ../clib/microlib/division.c              0x00000000   Number         0  uldiv.o ABSOLUTE
    ../clib/microlib/division.c              0x00000000   Number         0  uidiv.o ABSOLUTE
    ../clib/microlib/init/entry.s            0x00000000   Number         0  entry.o ABSOLUTE
    ../clib/microlib/init/entry.s            0x00000000   Number         0  entry2.o ABSOLUTE
    ../clib/microlib/init/entry.s            0x00000000   Number         0  entry5.o ABSOLUTE
    ../clib/microlib/init/entry.s            0x00000000   Number         0  entry7b.o ABSOLUTE
    ../clib/microlib/init/entry.s            0x00000000   Number         0  entry11a.o ABSOLUTE
    ../clib/microlib/init/entry.s            0x00000000   Number         0  entry8a.o ABSOLUTE
    ../clib/microlib/init/entry.s            0x00000000   Number         0  entry10a.o ABSOLUTE
    ../clib/microlib/init/entry.s            0x00000000   Number         0  entry8b.o ABSOLUTE
    ../clib/microlib/init/entry.s            0x00000000   Number         0  entry9a.o ABSOLUTE
    ../clib/microlib/init/entry.s            0x00000000   Number         0  entry10b.o ABSOLUTE
    ../clib/microlib/init/entry.s            0x00000000   Number         0  entry11b.o ABSOLUTE
    ../clib/microlib/init/entry.s            0x00000000   Number         0  entry7a.o ABSOLUTE
    ../clib/microlib/init/entry.s            0x00000000   Number         0  entry9b.o ABSOLUTE
    ../clib/microlib/longlong.c              0x00000000   Number         0  llsshr.o ABSOLUTE
    ../clib/microlib/longlong.c              0x00000000   Number         0  llshl.o ABSOLUTE
    ../clib/microlib/longlong.c              0x00000000   Number         0  llushr.o ABSOLUTE
    ../clib/microlib/printf/printf.c         0x00000000   Number         0  printfb.o ABSOLUTE
    ../clib/microlib/printf/printf.c         0x00000000   Number         0  printf0.o ABSOLUTE
    ../clib/microlib/printf/printf.c         0x00000000   Number         0  printf1.o ABSOLUTE
    ../clib/microlib/printf/printf.c         0x00000000   Number         0  printf2.o ABSOLUTE
    ../clib/microlib/printf/printf.c         0x00000000   Number         0  printf3.o ABSOLUTE
    ../clib/microlib/printf/printf.c         0x00000000   Number         0  printf4.o ABSOLUTE
    ../clib/microlib/printf/printf.c         0x00000000   Number         0  printf5.o ABSOLUTE
    ../clib/microlib/printf/printf.c         0x00000000   Number         0  printf6.o ABSOLUTE
    ../clib/microlib/printf/printf.c         0x00000000   Number         0  printf7.o ABSOLUTE
    ../clib/microlib/printf/printf.c         0x00000000   Number         0  printf8.o ABSOLUTE
    ../clib/microlib/printf/printf.c         0x00000000   Number         0  printfa.o ABSOLUTE
    ../clib/microlib/printf/stubs.s          0x00000000   Number         0  stubs.o ABSOLUTE
    ../clib/microlib/stdio/fputc.c           0x00000000   Number         0  fputc.o ABSOLUTE
    ../clib/microlib/stdio/semi.s            0x00000000   Number         0  semi.o ABSOLUTE
    ../clib/microlib/stdio/streams.c         0x00000000   Number         0  stdout.o ABSOLUTE
    ../clib/microlib/string/memcpy.c         0x00000000   Number         0  memcpya.o ABSOLUTE
    ../clib/microlib/string/memcpy.c         0x00000000   Number         0  memcpyb.o ABSOLUTE
    ../clib/microlib/string/strcat.c         0x00000000   Number         0  strcat.o ABSOLUTE
    ../clib/microlib/string/strcmp.c         0x00000000   Number         0  strcmp.o ABSOLUTE
    ../clib/microlib/string/strcpy.c         0x00000000   Number         0  strcpy.o ABSOLUTE
    ../clib/microlib/string/strlen.c         0x00000000   Number         0  strlen.o ABSOLUTE
    ../clib/microlib/string/strstr.c         0x00000000   Number         0  strstr.o ABSOLUTE
    ../clib/microlib/stubs.s                 0x00000000   Number         0  iusefp.o ABSOLUTE
    ../clib/microlib/stubs.s                 0x00000000   Number         0  iusesemip.o ABSOLUTE
    ../fplib/microlib/d2f.c                  0x00000000   Number         0  d2f.o ABSOLUTE
    ../fplib/microlib/f2d.c                  0x00000000   Number         0  f2d.o ABSOLUTE
    ../fplib/microlib/fpadd.c                0x00000000   Number         0  dadd.o ABSOLUTE
    ../fplib/microlib/fpdiv.c                0x00000000   Number         0  ddiv.o ABSOLUTE
    ../fplib/microlib/fpepilogue.c           0x00000000   Number         0  fepilogue.o ABSOLUTE
    ../fplib/microlib/fpepilogue.c           0x00000000   Number         0  depilogue.o ABSOLUTE
    ../fplib/microlib/fpfix.c                0x00000000   Number         0  dfixul.o ABSOLUTE
    ../fplib/microlib/fpflt.c                0x00000000   Number         0  dfltui.o ABSOLUTE
    ../fplib/microlib/fpflt.c                0x00000000   Number         0  ffltui.o ABSOLUTE
    ../fplib/microlib/fpmul.c                0x00000000   Number         0  dmul.o ABSOLUTE
    ..\..\..\Libraries\CMSIS\CM3\CoreSupport\core_cm3.c 0x00000000   Number         0  core_cm3.o ABSOLUTE
    ..\..\..\Libraries\CMSIS\CM3\DeviceSupport\ST\STM32L1xx\startup\arm\startup_stm32l1xx_md.s 0x00000000   Number         0  startup_stm32l1xx_md.o ABSOLUTE
    ..\..\..\Libraries\STM32L1xx_StdPeriph_Driver\src\misc.c 0x00000000   Number         0  misc.o ABSOLUTE
    ..\..\..\Libraries\STM32L1xx_StdPeriph_Driver\src\stm32l1xx_adc.c 0x00000000   Number         0  stm32l1xx_adc.o ABSOLUTE
    ..\..\..\Libraries\STM32L1xx_StdPeriph_Driver\src\stm32l1xx_comp.c 0x00000000   Number         0  stm32l1xx_comp.o ABSOLUTE
    ..\..\..\Libraries\STM32L1xx_StdPeriph_Driver\src\stm32l1xx_crc.c 0x00000000   Number         0  stm32l1xx_crc.o ABSOLUTE
    ..\..\..\Libraries\STM32L1xx_StdPeriph_Driver\src\stm32l1xx_dac.c 0x00000000   Number         0  stm32l1xx_dac.o ABSOLUTE
    ..\..\..\Libraries\STM32L1xx_StdPeriph_Driver\src\stm32l1xx_dbgmcu.c 0x00000000   Number         0  stm32l1xx_dbgmcu.o ABSOLUTE
    ..\..\..\Libraries\STM32L1xx_StdPeriph_Driver\src\stm32l1xx_dma.c 0x00000000   Number         0  stm32l1xx_dma.o ABSOLUTE
    ..\..\..\Libraries\STM32L1xx_StdPeriph_Driver\src\stm32l1xx_exti.c 0x00000000   Number         0  stm32l1xx_exti.o ABSOLUTE
    ..\..\..\Libraries\STM32L1xx_StdPeriph_Driver\src\stm32l1xx_flash.c 0x00000000   Number         0  stm32l1xx_flash.o ABSOLUTE
    ..\..\..\Libraries\STM32L1xx_StdPeriph_Driver\src\stm32l1xx_gpio.c 0x00000000   Number         0  stm32l1xx_gpio.o ABSOLUTE
    ..\..\..\Libraries\STM32L1xx_StdPeriph_Driver\src\stm32l1xx_i2c.c 0x00000000   Number         0  stm32l1xx_i2c.o ABSOLUTE
    ..\..\..\Libraries\STM32L1xx_StdPeriph_Driver\src\stm32l1xx_iwdg.c 0x00000000   Number         0  stm32l1xx_iwdg.o ABSOLUTE
    ..\..\..\Libraries\STM32L1xx_StdPeriph_Driver\src\stm32l1xx_lcd.c 0x00000000   Number         0  stm32l1xx_lcd.o ABSOLUTE
    ..\..\..\Libraries\STM32L1xx_StdPeriph_Driver\src\stm32l1xx_pwr.c 0x00000000   Number         0  stm32l1xx_pwr.o ABSOLUTE
    ..\..\..\Libraries\STM32L1xx_StdPeriph_Driver\src\stm32l1xx_rcc.c 0x00000000   Number         0  stm32l1xx_rcc.o ABSOLUTE
    ..\..\..\Libraries\STM32L1xx_StdPeriph_Driver\src\stm32l1xx_rtc.c 0x00000000   Number         0  stm32l1xx_rtc.o ABSOLUTE
    ..\..\..\Libraries\STM32L1xx_StdPeriph_Driver\src\stm32l1xx_spi.c 0x00000000   Number         0  stm32l1xx_spi.o ABSOLUTE
    ..\..\..\Libraries\STM32L1xx_StdPeriph_Driver\src\stm32l1xx_syscfg.c 0x00000000   Number         0  stm32l1xx_syscfg.o ABSOLUTE
    ..\..\..\Libraries\STM32L1xx_StdPeriph_Driver\src\stm32l1xx_tim.c 0x00000000   Number         0  stm32l1xx_tim.o ABSOLUTE
    ..\..\..\Libraries\STM32L1xx_StdPeriph_Driver\src\stm32l1xx_usart.c 0x00000000   Number         0  stm32l1xx_usart.o ABSOLUTE
    ..\..\..\Libraries\STM32L1xx_StdPeriph_Driver\src\stm32l1xx_wwdg.c 0x00000000   Number         0  stm32l1xx_wwdg.o ABSOLUTE
    ..\..\..\Utilities\STM32L-DISCOVERY\stm32l_discovery_lcd.c 0x00000000   Number         0  stm32l_discovery_lcd.o ABSOLUTE
    ..\\..\\..\\Libraries\\CMSIS\\CM3\\CoreSupport\\core_cm3.c 0x00000000   Number         0  core_cm3.o ABSOLUTE
    ..\\..\\..\\Libraries\\STM32L1xx_StdPeriph_Driver\\src\\misc.c 0x00000000   Number         0  misc.o ABSOLUTE
    ..\\..\\..\\Libraries\\STM32L1xx_StdPeriph_Driver\\src\\stm32l1xx_adc.c 0x00000000   Number         0  stm32l1xx_adc.o ABSOLUTE
    ..\\..\\..\\Libraries\\STM32L1xx_StdPeriph_Driver\\src\\stm32l1xx_comp.c 0x00000000   Number         0  stm32l1xx_comp.o ABSOLUTE
    ..\\..\\..\\Libraries\\STM32L1xx_StdPeriph_Driver\\src\\stm32l1xx_crc.c 0x00000000   Number         0  stm32l1xx_crc.o ABSOLUTE
    ..\\..\\..\\Libraries\\STM32L1xx_StdPeriph_Driver\\src\\stm32l1xx_dac.c 0x00000000   Number         0  stm32l1xx_dac.o ABSOLUTE
    ..\\..\\..\\Libraries\\STM32L1xx_StdPeriph_Driver\\src\\stm32l1xx_dbgmcu.c 0x00000000   Number         0  stm32l1xx_dbgmcu.o ABSOLUTE
    ..\\..\\..\\Libraries\\STM32L1xx_StdPeriph_Driver\\src\\stm32l1xx_dma.c 0x00000000   Number         0  stm32l1xx_dma.o ABSOLUTE
    ..\\..\\..\\Libraries\\STM32L1xx_StdPeriph_Driver\\src\\stm32l1xx_exti.c 0x00000000   Number         0  stm32l1xx_exti.o ABSOLUTE
    ..\\..\\..\\Libraries\\STM32L1xx_StdPeriph_Driver\\src\\stm32l1xx_flash.c 0x00000000   Number         0  stm32l1xx_flash.o ABSOLUTE
    ..\\..\\..\\Libraries\\STM32L1xx_StdPeriph_Driver\\src\\stm32l1xx_gpio.c 0x00000000   Number         0  stm32l1xx_gpio.o ABSOLUTE
    ..\\..\\..\\Libraries\\STM32L1xx_StdPeriph_Driver\\src\\stm32l1xx_i2c.c 0x00000000   Number         0  stm32l1xx_i2c.o ABSOLUTE
    ..\\..\\..\\Libraries\\STM32L1xx_StdPeriph_Driver\\src\\stm32l1xx_iwdg.c 0x00000000   Number         0  stm32l1xx_iwdg.o ABSOLUTE
    ..\\..\\..\\Libraries\\STM32L1xx_StdPeriph_Driver\\src\\stm32l1xx_lcd.c 0x00000000   Number         0  stm32l1xx_lcd.o ABSOLUTE
    ..\\..\\..\\Libraries\\STM32L1xx_StdPeriph_Driver\\src\\stm32l1xx_pwr.c 0x00000000   Number         0  stm32l1xx_pwr.o ABSOLUTE
    ..\\..\\..\\Libraries\\STM32L1xx_StdPeriph_Driver\\src\\stm32l1xx_rcc.c 0x00000000   Number         0  stm32l1xx_rcc.o ABSOLUTE
    ..\\..\\..\\Libraries\\STM32L1xx_StdPeriph_Driver\\src\\stm32l1xx_rtc.c 0x00000000   Number         0  stm32l1xx_rtc.o ABSOLUTE
    ..\\..\\..\\Libraries\\STM32L1xx_StdPeriph_Driver\\src\\stm32l1xx_spi.c 0x00000000   Number         0  stm32l1xx_spi.o ABSOLUTE
    ..\\..\\..\\Libraries\\STM32L1xx_StdPeriph_Driver\\src\\stm32l1xx_syscfg.c 0x00000000   Number         0  stm32l1xx_syscfg.o ABSOLUTE
    ..\\..\\..\\Libraries\\STM32L1xx_StdPeriph_Driver\\src\\stm32l1xx_tim.c 0x00000000   Number         0  stm32l1xx_tim.o ABSOLUTE
    ..\\..\\..\\Libraries\\STM32L1xx_StdPeriph_Driver\\src\\stm32l1xx_usart.c 0x00000000   Number         0  stm32l1xx_usart.o ABSOLUTE
    ..\\..\\..\\Libraries\\STM32L1xx_StdPeriph_Driver\\src\\stm32l1xx_wwdg.c 0x00000000   Number         0  stm32l1xx_wwdg.o ABSOLUTE
    ..\\..\\..\\Utilities\\STM32L-DISCOVERY\\stm32l_discovery_lcd.c 0x00000000   Number         0  stm32l_discovery_lcd.o ABSOLUTE
    ..\\src\\main.c                          0x00000000   Number         0  main.o ABSOLUTE
    ..\\src\\service.c                       0x00000000   Number         0  service.o ABSOLUTE
    ..\\src\\stm32l1xx_it.c                  0x00000000   Number         0  stm32l1xx_it.o ABSOLUTE
    ..\\src\\system_stm32l1xx.c              0x00000000   Number         0  system_stm32l1xx.o ABSOLUTE
    ..\src\main.c                            0x00000000   Number         0  main.o ABSOLUTE
    ..\src\service.c                         0x00000000   Number         0  service.o ABSOLUTE
    ..\src\stm32l1xx_it.c                    0x00000000   Number         0  stm32l1xx_it.o ABSOLUTE
    ..\src\system_stm32l1xx.c                0x00000000   Number         0  system_stm32l1xx.o ABSOLUTE
    cdrcmple.s                               0x00000000   Number         0  cdrcmple.o ABSOLUTE
    dc.s                                     0x00000000   Number         0  dc.o ABSOLUTE
    handlers.s                               0x00000000   Number         0  handlers.o ABSOLUTE
    init.s                                   0x00000000   Number         0  init.o ABSOLUTE
    RESET                                    0x08000000   Section      244  startup_stm32l1xx_md.o(RESET)
    .ARM.Collect$$$$00000000                 0x080000f4   Section        0  entry.o(.ARM.Collect$$$$00000000)
    .ARM.Collect$$$$00000001                 0x080000f4   Section        4  entry2.o(.ARM.Collect$$$$00000001)
    .ARM.Collect$$$$00000004                 0x080000f8   Section        4  entry5.o(.ARM.Collect$$$$00000004)
    .ARM.Collect$$$$00000008                 0x080000fc   Section        0  entry7b.o(.ARM.Collect$$$$00000008)
    .ARM.Collect$$$$0000000A                 0x080000fc   Section        0  entry8b.o(.ARM.Collect$$$$0000000A)
    .ARM.Collect$$$$0000000B                 0x080000fc   Section        8  entry9a.o(.ARM.Collect$$$$0000000B)
    .ARM.Collect$$$$0000000D                 0x08000104   Section        0  entry10a.o(.ARM.Collect$$$$0000000D)
    .ARM.Collect$$$$0000000F                 0x08000104   Section        0  entry11a.o(.ARM.Collect$$$$0000000F)
    .ARM.Collect$$$$00002712                 0x08000104   Section        4  entry2.o(.ARM.Collect$$$$00002712)
    __lit__00000000                          0x08000104   Data           4  entry2.o(.ARM.Collect$$$$00002712)
    .text                                    0x08000108   Section       36  startup_stm32l1xx_md.o(.text)
    .text                                    0x0800012c   Section        0  memcpya.o(.text)
    .text                                    0x08000150   Section        0  strcat.o(.text)
    .text                                    0x08000168   Section        0  strstr.o(.text)
    .text                                    0x0800018c   Section        0  strlen.o(.text)
    .text                                    0x0800019a   Section        0  strcmp.o(.text)
    .text                                    0x080001b6   Section        0  strcpy.o(.text)
    .text                                    0x080001c8   Section        0  dadd.o(.text)
    .text                                    0x08000316   Section        0  dmul.o(.text)
    .text                                    0x080003fa   Section        0  ffltui.o(.text)
    .text                                    0x08000404   Section        0  dfltui.o(.text)
    .text                                    0x0800041e   Section        0  f2d.o(.text)
    .text                                    0x08000444   Section        0  d2f.o(.text)
    .text                                    0x0800047c   Section        0  uidiv.o(.text)
    .text                                    0x080004a8   Section        0  uldiv.o(.text)
    .text                                    0x0800050a   Section        0  llshl.o(.text)
    .text                                    0x08000528   Section        0  llsshr.o(.text)
    .text                                    0x0800054c   Section        0  fepilogue.o(.text)
    .text                                    0x0800054c   Section        0  iusefp.o(.text)
    .text                                    0x080005b8   Section        0  depilogue.o(.text)
    .text                                    0x08000676   Section        0  ddiv.o(.text)
    .text                                    0x08000754   Section        0  dfixul.o(.text)
    .text                                    0x08000784   Section       40  cdrcmple.o(.text)
    .text                                    0x080007ac   Section       36  init.o(.text)
    .text                                    0x080007d0   Section        0  llushr.o(.text)
    i.ADC_Cmd                                0x080007f0   Section        0  stm32l1xx_adc.o(i.ADC_Cmd)
    i.ADC_CommonInit                         0x08000804   Section        0  stm32l1xx_adc.o(i.ADC_CommonInit)
    i.ADC_DMACmd                             0x08000818   Section        0  stm32l1xx_adc.o(i.ADC_DMACmd)
    i.ADC_GetFlagStatus                      0x0800082c   Section        0  stm32l1xx_adc.o(i.ADC_GetFlagStatus)
    i.ADC_Init                               0x0800083c   Section        0  stm32l1xx_adc.o(i.ADC_Init)
    i.ADC_RegularChannelConfig               0x08000888   Section        0  stm32l1xx_adc.o(i.ADC_RegularChannelConfig)
    i.ADC_SoftwareStartConv                  0x08000946   Section        0  stm32l1xx_adc.o(i.ADC_SoftwareStartConv)
    i.ADC_StructInit                         0x08000950   Section        0  stm32l1xx_adc.o(i.ADC_StructInit)
    i.ADC_TempSensorVrefintCmd               0x08000968   Section        0  stm32l1xx_adc.o(i.ADC_TempSensorVrefintCmd)
    i.BusFault_Handler                       0x08000984   Section        0  stm32l1xx_it.o(i.BusFault_Handler)
    i.DATA_EEPROM_ProgramWord                0x08000986   Section        0  stm32l1xx_flash.o(i.DATA_EEPROM_ProgramWord)
    i.DATA_EEPROM_Unlock                     0x080009a8   Section        0  stm32l1xx_flash.o(i.DATA_EEPROM_Unlock)
    i.DBGMCU_Config                          0x080009cc   Section        0  stm32l1xx_dbgmcu.o(i.DBGMCU_Config)
    i.DMA1_Channel1_IRQHandler               0x080009e4   Section        0  stm32l1xx_it.o(i.DMA1_Channel1_IRQHandler)
    i.DMA_ClearFlag                          0x080009f4   Section        0  stm32l1xx_dma.o(i.DMA_ClearFlag)
    i.DMA_Cmd                                0x08000a04   Section        0  stm32l1xx_dma.o(i.DMA_Cmd)
    i.DMA_DeInit                             0x08000a1c   Section        0  stm32l1xx_dma.o(i.DMA_DeInit)
    i.DMA_ITConfig                           0x08000aa8   Section        0  stm32l1xx_dma.o(i.DMA_ITConfig)
    i.DMA_Init                               0x08000ab8   Section        0  stm32l1xx_dma.o(i.DMA_Init)
    i.DMA_StructInit                         0x08000af2   Section        0  stm32l1xx_dma.o(i.DMA_StructInit)
    i.DebugMon_Handler                       0x08000b0c   Section        0  stm32l1xx_it.o(i.DebugMon_Handler)
    i.Delay                                  0x08000b10   Section        0  main.o(i.Delay)
    i.EXTI0_IRQHandler                       0x08000b20   Section        0  stm32l1xx_it.o(i.EXTI0_IRQHandler)
    i.EXTI_ClearITPendingBit                 0x08000b4c   Section        0  stm32l1xx_exti.o(i.EXTI_ClearITPendingBit)
    i.EXTI_Init                              0x08000b58   Section        0  stm32l1xx_exti.o(i.EXTI_Init)
    i.FLASH_ClearFlag                        0x08000bc8   Section        0  stm32l1xx_flash.o(i.FLASH_ClearFlag)
    i.FLASH_GetStatus                        0x08000bd4   Section        0  stm32l1xx_flash.o(i.FLASH_GetStatus)
    i.FLASH_WaitForLastOperation             0x08000c00   Section        0  stm32l1xx_flash.o(i.FLASH_WaitForLastOperation)
    i.GPIO_Init                              0x08000c24   Section        0  stm32l1xx_gpio.o(i.GPIO_Init)
    i.GPIO_PinAFConfig                       0x08000cc2   Section        0  stm32l1xx_gpio.o(i.GPIO_PinAFConfig)
    i.GPIO_StructInit                        0x08000ce2   Section        0  stm32l1xx_gpio.o(i.GPIO_StructInit)
    i.GPIO_USART2_Configuration              0x08000cf4   Section        0  main.o(i.GPIO_USART2_Configuration)
    i.GPIO_USART3_Configuration              0x08000dd8   Section        0  main.o(i.GPIO_USART3_Configuration)
    i.HardFault_Handler                      0x08000ebc   Section        0  stm32l1xx_it.o(i.HardFault_Handler)
    i.Init_GPIOs                             0x08000ec0   Section        0  main.o(i.Init_GPIOs)
    i.LCD_BlinkConfig                        0x08000f60   Section        0  stm32l1xx_lcd.o(i.LCD_BlinkConfig)
    i.LCD_Cmd                                0x08000f78   Section        0  stm32l1xx_lcd.o(i.LCD_Cmd)
    i.LCD_ContrastConfig                     0x08000f84   Section        0  stm32l1xx_lcd.o(i.LCD_ContrastConfig)
    i.LCD_Conv_Char_Seg                      0x08000f9c   Section        0  stm32l_discovery_lcd.o(i.LCD_Conv_Char_Seg)
    LCD_Conv_Char_Seg                        0x08000f9d   Thumb Code   242  stm32l_discovery_lcd.o(i.LCD_Conv_Char_Seg)
    i.LCD_DeadTimeConfig                     0x08001094   Section        0  stm32l1xx_lcd.o(i.LCD_DeadTimeConfig)
    i.LCD_GLASS_Clear                        0x080010ac   Section        0  stm32l_discovery_lcd.o(i.LCD_GLASS_Clear)
    i.LCD_GLASS_Configure_GPIO               0x080010d4   Section        0  stm32l_discovery_lcd.o(i.LCD_GLASS_Configure_GPIO)
    i.LCD_GLASS_DisplayString                0x0800123c   Section        0  stm32l_discovery_lcd.o(i.LCD_GLASS_DisplayString)
    i.LCD_GLASS_Init                         0x08001262   Section        0  stm32l_discovery_lcd.o(i.LCD_GLASS_Init)
    i.LCD_GLASS_ScrollSentence               0x080012cc   Section        0  stm32l_discovery_lcd.o(i.LCD_GLASS_ScrollSentence)
    i.LCD_GLASS_WriteChar                    0x08001398   Section        0  stm32l_discovery_lcd.o(i.LCD_GLASS_WriteChar)
    i.LCD_GetFlagStatus                      0x08001708   Section        0  stm32l1xx_lcd.o(i.LCD_GetFlagStatus)
    i.LCD_Init                               0x0800171c   Section        0  stm32l1xx_lcd.o(i.LCD_Init)
    i.LCD_MuxSegmentCmd                      0x0800175c   Section        0  stm32l1xx_lcd.o(i.LCD_MuxSegmentCmd)
    i.LCD_PulseOnDurationConfig              0x08001768   Section        0  stm32l1xx_lcd.o(i.LCD_PulseOnDurationConfig)
    i.LCD_UpdateDisplayRequest               0x08001780   Section        0  stm32l1xx_lcd.o(i.LCD_UpdateDisplayRequest)
    i.LCD_WaitForSynchro                     0x0800178c   Section        0  stm32l1xx_lcd.o(i.LCD_WaitForSynchro)
    i.LCD_bar                                0x0800179c   Section        0  stm32l_discovery_lcd.o(i.LCD_bar)
    i.MemManage_Handler                      0x080017d4   Section        0  stm32l1xx_it.o(i.MemManage_Handler)
    i.NMI_Handler                            0x080017d6   Section        0  stm32l1xx_it.o(i.NMI_Handler)
    i.NVIC2_Configuration                    0x080017d8   Section        0  main.o(i.NVIC2_Configuration)
    i.NVIC3_Configuration                    0x08001800   Section        0  main.o(i.NVIC3_Configuration)
    i.NVIC_Init                              0x08001828   Section        0  misc.o(i.NVIC_Init)
    i.NVIC_PriorityGroupConfig               0x0800188c   Section        0  misc.o(i.NVIC_PriorityGroupConfig)
    i.PWR_EnterSTOPMode                      0x080018a0   Section        0  stm32l1xx_pwr.o(i.PWR_EnterSTOPMode)
    i.PWR_GetFlagStatus                      0x080018d4   Section        0  stm32l1xx_pwr.o(i.PWR_GetFlagStatus)
    i.PWR_RTCAccessCmd                       0x080018e8   Section        0  stm32l1xx_pwr.o(i.PWR_RTCAccessCmd)
    i.PWR_VoltageScalingConfig               0x080018f4   Section        0  stm32l1xx_pwr.o(i.PWR_VoltageScalingConfig)
    i.PendSV_Handler                         0x0800190c   Section        0  stm32l1xx_it.o(i.PendSV_Handler)
    i.RCC_AHBPeriphClockCmd                  0x08001910   Section        0  stm32l1xx_rcc.o(i.RCC_AHBPeriphClockCmd)
    i.RCC_APB1PeriphClockCmd                 0x08001928   Section        0  stm32l1xx_rcc.o(i.RCC_APB1PeriphClockCmd)
    i.RCC_APB2PeriphClockCmd                 0x08001940   Section        0  stm32l1xx_rcc.o(i.RCC_APB2PeriphClockCmd)
    i.RCC_Configuration                      0x08001958   Section        0  main.o(i.RCC_Configuration)
    i.RCC_GetClocksFreq                      0x080019a4   Section        0  stm32l1xx_rcc.o(i.RCC_GetClocksFreq)
    i.RCC_GetFlagStatus                      0x08001a4c   Section        0  stm32l1xx_rcc.o(i.RCC_GetFlagStatus)
    i.RCC_HSEConfig                          0x08001a74   Section        0  stm32l1xx_rcc.o(i.RCC_HSEConfig)
    i.RCC_HSICmd                             0x08001a84   Section        0  stm32l1xx_rcc.o(i.RCC_HSICmd)
    i.RCC_LSEConfig                          0x08001a90   Section        0  stm32l1xx_rcc.o(i.RCC_LSEConfig)
    i.RCC_MSIRangeConfig                     0x08001aa0   Section        0  stm32l1xx_rcc.o(i.RCC_MSIRangeConfig)
    i.RCC_RTCCLKCmd                          0x08001ab4   Section        0  stm32l1xx_rcc.o(i.RCC_RTCCLKCmd)
    i.RCC_RTCCLKConfig                       0x08001ac0   Section        0  stm32l1xx_rcc.o(i.RCC_RTCCLKConfig)
    i.RCC_RTCResetCmd                        0x08001af4   Section        0  stm32l1xx_rcc.o(i.RCC_RTCResetCmd)
    i.RCC_SYSCLKConfig                       0x08001b00   Section        0  stm32l1xx_rcc.o(i.RCC_SYSCLKConfig)
    i.RTC_ClearITPendingBit                  0x08001b14   Section        0  stm32l1xx_rtc.o(i.RTC_ClearITPendingBit)
    i.RTC_Configuration                      0x08001b30   Section        0  main.o(i.RTC_Configuration)
    i.RTC_GetITStatus                        0x08001b68   Section        0  stm32l1xx_rtc.o(i.RTC_GetITStatus)
    i.RTC_ITConfig                           0x08001ba0   Section        0  stm32l1xx_rtc.o(i.RTC_ITConfig)
    i.RTC_SetWakeUpCounter                   0x08001be0   Section        0  stm32l1xx_rtc.o(i.RTC_SetWakeUpCounter)
    i.RTC_WKUP_IRQHandler                    0x08001bfc   Section        0  stm32l1xx_it.o(i.RTC_WKUP_IRQHandler)
    i.RTC_WaitForSynchro                     0x08001c20   Section        0  stm32l1xx_rtc.o(i.RTC_WaitForSynchro)
    i.RTC_WakeUpClockConfig                  0x08001c68   Section        0  stm32l1xx_rtc.o(i.RTC_WakeUpClockConfig)
    i.RTC_WakeUpCmd                          0x08001c90   Section        0  stm32l1xx_rtc.o(i.RTC_WakeUpCmd)
    i.SVC_Handler                            0x08001ce8   Section        0  stm32l1xx_it.o(i.SVC_Handler)
    i.SYSCFG_EXTILineConfig                  0x08001cec   Section        0  stm32l1xx_syscfg.o(i.SYSCFG_EXTILineConfig)
    i.SetSysClock                            0x08001d14   Section        0  system_stm32l1xx.o(i.SetSysClock)
    SetSysClock                              0x08001d15   Thumb Code   146  system_stm32l1xx.o(i.SetSysClock)
    i.SysTick_Handler                        0x08001db4   Section        0  stm32l1xx_it.o(i.SysTick_Handler)
    i.SystemInit                             0x08001db8   Section        0  system_stm32l1xx.o(i.SystemInit)
    i.TimingDelay_Decrement                  0x08001e0c   Section        0  main.o(i.TimingDelay_Decrement)
    i.USART2_IRQHandler                      0x08001e20   Section        0  stm32l1xx_it.o(i.USART2_IRQHandler)
    i.USART3_IRQHandler                      0x08002028   Section        0  stm32l1xx_it.o(i.USART3_IRQHandler)
    i.USART_ClearFlag                        0x080020a8   Section        0  stm32l1xx_usart.o(i.USART_ClearFlag)
    i.USART_ClearITPendingBit                0x080020ae   Section        0  stm32l1xx_usart.o(i.USART_ClearITPendingBit)
    i.USART_Cmd                              0x080020ba   Section        0  stm32l1xx_usart.o(i.USART_Cmd)
    i.USART_GetFlagStatus                    0x080020ce   Section        0  stm32l1xx_usart.o(i.USART_GetFlagStatus)
    i.USART_GetITStatus                      0x080020dc   Section        0  stm32l1xx_usart.o(i.USART_GetITStatus)
    i.USART_ITConfig                         0x0800211a   Section        0  stm32l1xx_usart.o(i.USART_ITConfig)
    i.USART_Init                             0x0800214c   Section        0  stm32l1xx_usart.o(i.USART_Init)
    i.USART_ReceiveData                      0x080021f8   Section        0  stm32l1xx_usart.o(i.USART_ReceiveData)
    i.USART_SendData                         0x08002200   Section        0  stm32l1xx_usart.o(i.USART_SendData)
    i.UsageFault_Handler                     0x08002208   Section        0  stm32l1xx_it.o(i.UsageFault_Handler)
    i.__0sprintf                             0x0800220c   Section        0  printfa.o(i.__0sprintf)
    i.__scatterload_copy                     0x08002234   Section       14  handlers.o(i.__scatterload_copy)
    i.__scatterload_null                     0x08002242   Section        2  handlers.o(i.__scatterload_null)
    i.__scatterload_zeroinit                 0x08002244   Section       14  handlers.o(i.__scatterload_zeroinit)
    i._fp_digits                             0x08002254   Section        0  printfa.o(i._fp_digits)
    _fp_digits                               0x08002255   Thumb Code   326  printfa.o(i._fp_digits)
    i._printf_core                           0x080023b0   Section        0  printfa.o(i._printf_core)
    _printf_core                             0x080023b1   Thumb Code  1762  printfa.o(i._printf_core)
    i._printf_post_padding                   0x08002aa0   Section        0  printfa.o(i._printf_post_padding)
    _printf_post_padding                     0x08002aa1   Thumb Code    38  printfa.o(i._printf_post_padding)
    i._printf_pre_padding                    0x08002ac6   Section        0  printfa.o(i._printf_pre_padding)
    _printf_pre_padding                      0x08002ac7   Thumb Code    48  printfa.o(i._printf_pre_padding)
    i._sputc                                 0x08002af6   Section        0  printfa.o(i._sputc)
    _sputc                                   0x08002af7   Thumb Code    10  printfa.o(i._sputc)
    i.acquireTemperatureData                 0x08002b00   Section        0  main.o(i.acquireTemperatureData)
    i.compose                                0x08002b7c   Section        0  service.o(i.compose)
    i.composeRequest                         0x08002d28   Section        0  service.o(i.composeRequest)
    i.conf_analog_all_GPIOS                  0x08002d6c   Section        0  main.o(i.conf_analog_all_GPIOS)
    i.configureADC_Temp                      0x08002df8   Section        0  main.o(i.configureADC_Temp)
    i.configureDMA                           0x08002ea4   Section        0  main.o(i.configureDMA)
    i.configureWakeup                        0x08002f20   Section        0  main.o(i.configureWakeup)
    i.decompose                              0x08002fc4   Section        0  service.o(i.decompose)
    i.entry                                  0x0800309c   Section        0  service.o(i.entry)
    i.insertionSort                          0x080031c4   Section        0  main.o(i.insertionSort)
    i.interquartileMean                      0x080031f4   Section        0  main.o(i.interquartileMean)
    i.main                                   0x08003218   Section        0  main.o(i.main)
    i.powerDownADC_Temper                    0x08003374   Section        0  main.o(i.powerDownADC_Temper)
    i.processTempData                        0x080033a8   Section        0  main.o(i.processTempData)
    i.send                                   0x080033fc   Section        0  service.o(i.send)
    i.sendRequest                            0x08003428   Section        0  service.o(i.sendRequest)
    i.serialPutChar                          0x08003478   Section        0  service.o(i.serialPutChar)
    i.serialPutString                        0x08003498   Section        0  service.o(i.serialPutString)
    i.setADCDMA_TransferComplete             0x080034b0   Section        0  main.o(i.setADCDMA_TransferComplete)
    i.setUserButtonFlag                      0x080034bc   Section        0  main.o(i.setUserButtonFlag)
    i.testFactoryCalibData                   0x080034c8   Section        0  main.o(i.testFactoryCalibData)
    i.testUserCalibData                      0x080034e0   Section        0  main.o(i.testUserCalibData)
    i.writeCalibData                         0x080034f8   Section        0  main.o(i.writeCalibData)
    .constdata                               0x08003538   Section       72  stm32l_discovery_lcd.o(.constdata)
    .constdata                               0x08003580   Section        5  service.o(.constdata)
    .conststring                             0x08003585   Section        9  service.o(.conststring)
    .data                                    0x20000000   Section       25  stm32l1xx_rcc.o(.data)
    PLLMulTable                              0x20000000   Data           9  stm32l1xx_rcc.o(.data)
    APBAHBPrescTable                         0x20000009   Data          16  stm32l1xx_rcc.o(.data)
    .data                                    0x20000019   Section        3  stm32l_discovery_lcd.o(.data)
    .data                                    0x2000001c   Section       32  stm32l1xx_it.o(.data)
    .data                                    0x2000003c   Section       36  main.o(.data)
    TimingDelay                              0x20000054   Data           4  main.o(.data)
    .data                                    0x20000060   Section       32  service.o(.data)
    .bss                                     0x20000080   Section     1316  stm32l1xx_it.o(.bss)
    .bss                                     0x200005a4   Section      144  main.o(.bss)
    .bss                                     0x20000634   Section      100  main.o(.bss)
    .bss                                     0x20000698   Section     3636  service.o(.bss)
    STACK                                    0x200014d0   Section     1024  startup_stm32l1xx_md.o(STACK)

    Global Symbols

    Symbol Name                              Value     Ov Type        Size  Object(Section)

    BuildAttributes$$THM_ISAv4$P$D$K$B$S$PE$A:L22UL41UL21$X:L11$S22US41US21$IEEE1$IW$USESV6$~STKCKD$USESV7$~SHL$OTIME$ROPI$EBA8$MICROLIB$REQ8$PRES8$EABIv2 0x00000000   Number         0  anon$$obj.o ABSOLUTE
    __ARM_use_no_argv                        0x00000000   Number         0  main.o ABSOLUTE
    _printf_a                                0x00000000   Number         0  stubs.o ABSOLUTE
    _printf_c                                0x00000000   Number         0  stubs.o ABSOLUTE
    _printf_charcount                        0x00000000   Number         0  stubs.o ABSOLUTE
    _printf_d                                0x00000000   Number         0  stubs.o ABSOLUTE
    _printf_e                                0x00000000   Number         0  stubs.o ABSOLUTE
    _printf_f                                0x00000000   Number         0  stubs.o ABSOLUTE
    _printf_flags                            0x00000000   Number         0  stubs.o ABSOLUTE
    _printf_fp_dec                           0x00000000   Number         0  stubs.o ABSOLUTE
    _printf_fp_hex                           0x00000000   Number         0  stubs.o ABSOLUTE
    _printf_g                                0x00000000   Number         0  stubs.o ABSOLUTE
    _printf_i                                0x00000000   Number         0  stubs.o ABSOLUTE
    _printf_int_dec                          0x00000000   Number         0  stubs.o ABSOLUTE
    _printf_l                                0x00000000   Number         0  stubs.o ABSOLUTE
    _printf_lc                               0x00000000   Number         0  stubs.o ABSOLUTE
    _printf_ll                               0x00000000   Number         0  stubs.o ABSOLUTE
    _printf_lld                              0x00000000   Number         0  stubs.o ABSOLUTE
    _printf_lli                              0x00000000   Number         0  stubs.o ABSOLUTE
    _printf_llo                              0x00000000   Number         0  stubs.o ABSOLUTE
    _printf_llu                              0x00000000   Number         0  stubs.o ABSOLUTE
    _printf_llx                              0x00000000   Number         0  stubs.o ABSOLUTE
    _printf_longlong_dec                     0x00000000   Number         0  stubs.o ABSOLUTE
    _printf_longlong_hex                     0x00000000   Number         0  stubs.o ABSOLUTE
    _printf_longlong_oct                     0x00000000   Number         0  stubs.o ABSOLUTE
    _printf_ls                               0x00000000   Number         0  stubs.o ABSOLUTE
    _printf_mbtowc                           0x00000000   Number         0  stubs.o ABSOLUTE
    _printf_n                                0x00000000   Number         0  stubs.o ABSOLUTE
    _printf_o                                0x00000000   Number         0  stubs.o ABSOLUTE
    _printf_p                                0x00000000   Number         0  stubs.o ABSOLUTE
    _printf_percent                          0x00000000   Number         0  stubs.o ABSOLUTE
    _printf_pre_padding                      0x00000000   Number         0  stubs.o ABSOLUTE
    _printf_return_value                     0x00000000   Number         0  stubs.o ABSOLUTE
    _printf_s                                0x00000000   Number         0  stubs.o ABSOLUTE
    _printf_sizespec                         0x00000000   Number         0  stubs.o ABSOLUTE
    _printf_str                              0x00000000   Number         0  stubs.o ABSOLUTE
    _printf_truncate_signed                  0x00000000   Number         0  stubs.o ABSOLUTE
    _printf_truncate_unsigned                0x00000000   Number         0  stubs.o ABSOLUTE
    _printf_u                                0x00000000   Number         0  stubs.o ABSOLUTE
    _printf_wc                               0x00000000   Number         0  stubs.o ABSOLUTE
    _printf_wctomb                           0x00000000   Number         0  stubs.o ABSOLUTE
    _printf_widthprec                        0x00000000   Number         0  stubs.o ABSOLUTE
    _printf_x                                0x00000000   Number         0  stubs.o ABSOLUTE
    __cpp_initialize__aeabi_                  - Undefined Weak Reference
    __cxa_finalize                            - Undefined Weak Reference
    __decompress                              - Undefined Weak Reference
    _clock_init                               - Undefined Weak Reference
    _microlib_exit                            - Undefined Weak Reference
    __Vectors_Size                           0x000000f4   Number         0  startup_stm32l1xx_md.o ABSOLUTE
    __Vectors                                0x08000000   Data           4  startup_stm32l1xx_md.o(RESET)
    __Vectors_End                            0x080000f4   Data           0  startup_stm32l1xx_md.o(RESET)
    __main                                   0x080000f5   Thumb Code     0  entry.o(.ARM.Collect$$$$00000000)
    _main_stk                                0x080000f5   Thumb Code     0  entry2.o(.ARM.Collect$$$$00000001)
    _main_scatterload                        0x080000f9   Thumb Code     0  entry5.o(.ARM.Collect$$$$00000004)
    __main_after_scatterload                 0x080000fd   Thumb Code     0  entry5.o(.ARM.Collect$$$$00000004)
    _main_clock                              0x080000fd   Thumb Code     0  entry7b.o(.ARM.Collect$$$$00000008)
    _main_cpp_init                           0x080000fd   Thumb Code     0  entry8b.o(.ARM.Collect$$$$0000000A)
    _main_init                               0x080000fd   Thumb Code     0  entry9a.o(.ARM.Collect$$$$0000000B)
    __rt_final_cpp                           0x08000105   Thumb Code     0  entry10a.o(.ARM.Collect$$$$0000000D)
    __rt_final_exit                          0x08000105   Thumb Code     0  entry11a.o(.ARM.Collect$$$$0000000F)
    Reset_Handler                            0x08000109   Thumb Code     8  startup_stm32l1xx_md.o(.text)
    ADC1_IRQHandler                          0x08000123   Thumb Code     0  startup_stm32l1xx_md.o(.text)
    COMP_IRQHandler                          0x08000123   Thumb Code     0  startup_stm32l1xx_md.o(.text)
    DAC_IRQHandler                           0x08000123   Thumb Code     0  startup_stm32l1xx_md.o(.text)
    DMA1_Channel2_IRQHandler                 0x08000123   Thumb Code     0  startup_stm32l1xx_md.o(.text)
    DMA1_Channel3_IRQHandler                 0x08000123   Thumb Code     0  startup_stm32l1xx_md.o(.text)
    DMA1_Channel4_IRQHandler                 0x08000123   Thumb Code     0  startup_stm32l1xx_md.o(.text)
    DMA1_Channel5_IRQHandler                 0x08000123   Thumb Code     0  startup_stm32l1xx_md.o(.text)
    DMA1_Channel6_IRQHandler                 0x08000123   Thumb Code     0  startup_stm32l1xx_md.o(.text)
    DMA1_Channel7_IRQHandler                 0x08000123   Thumb Code     0  startup_stm32l1xx_md.o(.text)
    EXTI15_10_IRQHandler                     0x08000123   Thumb Code     0  startup_stm32l1xx_md.o(.text)
    EXTI1_IRQHandler                         0x08000123   Thumb Code     0  startup_stm32l1xx_md.o(.text)
    EXTI2_IRQHandler                         0x08000123   Thumb Code     0  startup_stm32l1xx_md.o(.text)
    EXTI3_IRQHandler                         0x08000123   Thumb Code     0  startup_stm32l1xx_md.o(.text)
    EXTI4_IRQHandler                         0x08000123   Thumb Code     0  startup_stm32l1xx_md.o(.text)
    EXTI9_5_IRQHandler                       0x08000123   Thumb Code     0  startup_stm32l1xx_md.o(.text)
    FLASH_IRQHandler                         0x08000123   Thumb Code     0  startup_stm32l1xx_md.o(.text)
    I2C1_ER_IRQHandler                       0x08000123   Thumb Code     0  startup_stm32l1xx_md.o(.text)
    I2C1_EV_IRQHandler                       0x08000123   Thumb Code     0  startup_stm32l1xx_md.o(.text)
    I2C2_ER_IRQHandler                       0x08000123   Thumb Code     0  startup_stm32l1xx_md.o(.text)
    I2C2_EV_IRQHandler                       0x08000123   Thumb Code     0  startup_stm32l1xx_md.o(.text)
    LCD_IRQHandler                           0x08000123   Thumb Code     0  startup_stm32l1xx_md.o(.text)
    PVD_IRQHandler                           0x08000123   Thumb Code     0  startup_stm32l1xx_md.o(.text)
    RCC_IRQHandler                           0x08000123   Thumb Code     0  startup_stm32l1xx_md.o(.text)
    RTC_Alarm_IRQHandler                     0x08000123   Thumb Code     0  startup_stm32l1xx_md.o(.text)
    SPI1_IRQHandler                          0x08000123   Thumb Code     0  startup_stm32l1xx_md.o(.text)
    SPI2_IRQHandler                          0x08000123   Thumb Code     0  startup_stm32l1xx_md.o(.text)
    TAMPER_STAMP_IRQHandler                  0x08000123   Thumb Code     0  startup_stm32l1xx_md.o(.text)
    TIM10_IRQHandler                         0x08000123   Thumb Code     0  startup_stm32l1xx_md.o(.text)
    TIM11_IRQHandler                         0x08000123   Thumb Code     0  startup_stm32l1xx_md.o(.text)
    TIM2_IRQHandler                          0x08000123   Thumb Code     0  startup_stm32l1xx_md.o(.text)
    TIM3_IRQHandler                          0x08000123   Thumb Code     0  startup_stm32l1xx_md.o(.text)
    TIM4_IRQHandler                          0x08000123   Thumb Code     0  startup_stm32l1xx_md.o(.text)
    TIM6_IRQHandler                          0x08000123   Thumb Code     0  startup_stm32l1xx_md.o(.text)
    TIM7_IRQHandler                          0x08000123   Thumb Code     0  startup_stm32l1xx_md.o(.text)
    TIM9_IRQHandler                          0x08000123   Thumb Code     0  startup_stm32l1xx_md.o(.text)
    USART1_IRQHandler                        0x08000123   Thumb Code     0  startup_stm32l1xx_md.o(.text)
    USB_FS_WKUP_IRQHandler                   0x08000123   Thumb Code     0  startup_stm32l1xx_md.o(.text)
    USB_HP_IRQHandler                        0x08000123   Thumb Code     0  startup_stm32l1xx_md.o(.text)
    USB_LP_IRQHandler                        0x08000123   Thumb Code     0  startup_stm32l1xx_md.o(.text)
    WWDG_IRQHandler                          0x08000123   Thumb Code     0  startup_stm32l1xx_md.o(.text)
    __aeabi_memcpy                           0x0800012d   Thumb Code    36  memcpya.o(.text)
    __aeabi_memcpy4                          0x0800012d   Thumb Code     0  memcpya.o(.text)
    __aeabi_memcpy8                          0x0800012d   Thumb Code     0  memcpya.o(.text)
    strcat                                   0x08000151   Thumb Code    24  strcat.o(.text)
    strstr                                   0x08000169   Thumb Code    36  strstr.o(.text)
    strlen                                   0x0800018d   Thumb Code    14  strlen.o(.text)
    strcmp                                   0x0800019b   Thumb Code    28  strcmp.o(.text)
    strcpy                                   0x080001b7   Thumb Code    18  strcpy.o(.text)
    __aeabi_dadd                             0x080001c9   Thumb Code   322  dadd.o(.text)
    __aeabi_dsub                             0x0800030b   Thumb Code     6  dadd.o(.text)
    __aeabi_drsub                            0x08000311   Thumb Code     6  dadd.o(.text)
    __aeabi_dmul                             0x08000317   Thumb Code   228  dmul.o(.text)
    __aeabi_ui2f                             0x080003fb   Thumb Code    10  ffltui.o(.text)
    __aeabi_ui2d                             0x08000405   Thumb Code    26  dfltui.o(.text)
    __aeabi_f2d                              0x0800041f   Thumb Code    38  f2d.o(.text)
    __aeabi_d2f                              0x08000445   Thumb Code    56  d2f.o(.text)
    __aeabi_uidiv                            0x0800047d   Thumb Code     0  uidiv.o(.text)
    __aeabi_uidivmod                         0x0800047d   Thumb Code    44  uidiv.o(.text)
    __aeabi_uldivmod                         0x080004a9   Thumb Code    98  uldiv.o(.text)
    __aeabi_llsl                             0x0800050b   Thumb Code    30  llshl.o(.text)
    _ll_shift_l                              0x0800050b   Thumb Code     0  llshl.o(.text)
    __aeabi_lasr                             0x08000529   Thumb Code    36  llsshr.o(.text)
    _ll_sshift_r                             0x08000529   Thumb Code     0  llsshr.o(.text)
    __I$use$fp                               0x0800054d   Thumb Code     0  iusefp.o(.text)
    _float_round                             0x0800054d   Thumb Code    18  fepilogue.o(.text)
    _float_epilogue                          0x0800055f   Thumb Code    90  fepilogue.o(.text)
    _double_round                            0x080005b9   Thumb Code    26  depilogue.o(.text)
    _double_epilogue                         0x080005d3   Thumb Code   164  depilogue.o(.text)
    __aeabi_ddiv                             0x08000677   Thumb Code   222  ddiv.o(.text)
    __aeabi_d2ulz                            0x08000755   Thumb Code    48  dfixul.o(.text)
    __aeabi_cdrcmple                         0x08000785   Thumb Code    38  cdrcmple.o(.text)
    __scatterload                            0x080007ad   Thumb Code    28  init.o(.text)
    __scatterload_rt2                        0x080007ad   Thumb Code     0  init.o(.text)
    __aeabi_llsr                             0x080007d1   Thumb Code    32  llushr.o(.text)
    _ll_ushift_r                             0x080007d1   Thumb Code     0  llushr.o(.text)
    ADC_Cmd                                  0x080007f1   Thumb Code    20  stm32l1xx_adc.o(i.ADC_Cmd)
    ADC_CommonInit                           0x08000805   Thumb Code    16  stm32l1xx_adc.o(i.ADC_CommonInit)
    ADC_DMACmd                               0x08000819   Thumb Code    20  stm32l1xx_adc.o(i.ADC_DMACmd)
    ADC_GetFlagStatus                        0x0800082d   Thumb Code    14  stm32l1xx_adc.o(i.ADC_GetFlagStatus)
    ADC_Init                                 0x0800083d   Thumb Code    66  stm32l1xx_adc.o(i.ADC_Init)
    ADC_RegularChannelConfig                 0x08000889   Thumb Code   190  stm32l1xx_adc.o(i.ADC_RegularChannelConfig)
    ADC_SoftwareStartConv                    0x08000947   Thumb Code    10  stm32l1xx_adc.o(i.ADC_SoftwareStartConv)
    ADC_StructInit                           0x08000951   Thumb Code    24  stm32l1xx_adc.o(i.ADC_StructInit)
    ADC_TempSensorVrefintCmd                 0x08000969   Thumb Code    22  stm32l1xx_adc.o(i.ADC_TempSensorVrefintCmd)
    BusFault_Handler                         0x08000985   Thumb Code     2  stm32l1xx_it.o(i.BusFault_Handler)
    DATA_EEPROM_ProgramWord                  0x08000987   Thumb Code    34  stm32l1xx_flash.o(i.DATA_EEPROM_ProgramWord)
    DATA_EEPROM_Unlock                       0x080009a9   Thumb Code    22  stm32l1xx_flash.o(i.DATA_EEPROM_Unlock)
    DBGMCU_Config                            0x080009cd   Thumb Code    18  stm32l1xx_dbgmcu.o(i.DBGMCU_Config)
    DMA1_Channel1_IRQHandler                 0x080009e5   Thumb Code    16  stm32l1xx_it.o(i.DMA1_Channel1_IRQHandler)
    DMA_ClearFlag                            0x080009f5   Thumb Code    10  stm32l1xx_dma.o(i.DMA_ClearFlag)
    DMA_Cmd                                  0x08000a05   Thumb Code    22  stm32l1xx_dma.o(i.DMA_Cmd)
    DMA_DeInit                               0x08000a1d   Thumb Code   136  stm32l1xx_dma.o(i.DMA_DeInit)
    DMA_ITConfig                             0x08000aa9   Thumb Code    16  stm32l1xx_dma.o(i.DMA_ITConfig)
    DMA_Init                                 0x08000ab9   Thumb Code    58  stm32l1xx_dma.o(i.DMA_Init)
    DMA_StructInit                           0x08000af3   Thumb Code    26  stm32l1xx_dma.o(i.DMA_StructInit)
    DebugMon_Handler                         0x08000b0d   Thumb Code     2  stm32l1xx_it.o(i.DebugMon_Handler)
    Delay                                    0x08000b11   Thumb Code    12  main.o(i.Delay)
    EXTI0_IRQHandler                         0x08000b21   Thumb Code    34  stm32l1xx_it.o(i.EXTI0_IRQHandler)
    EXTI_ClearITPendingBit                   0x08000b4d   Thumb Code     6  stm32l1xx_exti.o(i.EXTI_ClearITPendingBit)
    EXTI_Init                                0x08000b59   Thumb Code   108  stm32l1xx_exti.o(i.EXTI_Init)
    FLASH_ClearFlag                          0x08000bc9   Thumb Code     6  stm32l1xx_flash.o(i.FLASH_ClearFlag)
    FLASH_GetStatus                          0x08000bd5   Thumb Code    38  stm32l1xx_flash.o(i.FLASH_GetStatus)
    FLASH_WaitForLastOperation               0x08000c01   Thumb Code    36  stm32l1xx_flash.o(i.FLASH_WaitForLastOperation)
    GPIO_Init                                0x08000c25   Thumb Code   158  stm32l1xx_gpio.o(i.GPIO_Init)
    GPIO_PinAFConfig                         0x08000cc3   Thumb Code    32  stm32l1xx_gpio.o(i.GPIO_PinAFConfig)
    GPIO_StructInit                          0x08000ce3   Thumb Code    18  stm32l1xx_gpio.o(i.GPIO_StructInit)
    GPIO_USART2_Configuration                0x08000cf5   Thumb Code   202  main.o(i.GPIO_USART2_Configuration)
    GPIO_USART3_Configuration                0x08000dd9   Thumb Code   202  main.o(i.GPIO_USART3_Configuration)
    HardFault_Handler                        0x08000ebd   Thumb Code     2  stm32l1xx_it.o(i.HardFault_Handler)
    Init_GPIOs                               0x08000ec1   Thumb Code   152  main.o(i.Init_GPIOs)
    LCD_BlinkConfig                          0x08000f61   Thumb Code    20  stm32l1xx_lcd.o(i.LCD_BlinkConfig)
    LCD_Cmd                                  0x08000f79   Thumb Code     6  stm32l1xx_lcd.o(i.LCD_Cmd)
    LCD_ContrastConfig                       0x08000f85   Thumb Code    18  stm32l1xx_lcd.o(i.LCD_ContrastConfig)
    LCD_DeadTimeConfig                       0x08001095   Thumb Code    18  stm32l1xx_lcd.o(i.LCD_DeadTimeConfig)
    LCD_GLASS_Clear                          0x080010ad   Thumb Code    36  stm32l_discovery_lcd.o(i.LCD_GLASS_Clear)
    LCD_GLASS_Configure_GPIO                 0x080010d5   Thumb Code   348  stm32l_discovery_lcd.o(i.LCD_GLASS_Configure_GPIO)
    LCD_GLASS_DisplayString                  0x0800123d   Thumb Code    38  stm32l_discovery_lcd.o(i.LCD_GLASS_DisplayString)
    LCD_GLASS_Init                           0x08001263   Thumb Code   104  stm32l_discovery_lcd.o(i.LCD_GLASS_Init)
    LCD_GLASS_ScrollSentence                 0x080012cd   Thumb Code   200  stm32l_discovery_lcd.o(i.LCD_GLASS_ScrollSentence)
    LCD_GLASS_WriteChar                      0x08001399   Thumb Code   864  stm32l_discovery_lcd.o(i.LCD_GLASS_WriteChar)
    LCD_GetFlagStatus                        0x08001709   Thumb Code    16  stm32l1xx_lcd.o(i.LCD_GetFlagStatus)
    LCD_Init                                 0x0800171d   Thumb Code    60  stm32l1xx_lcd.o(i.LCD_Init)
    LCD_MuxSegmentCmd                        0x0800175d   Thumb Code     6  stm32l1xx_lcd.o(i.LCD_MuxSegmentCmd)
    LCD_PulseOnDurationConfig                0x08001769   Thumb Code    18  stm32l1xx_lcd.o(i.LCD_PulseOnDurationConfig)
    LCD_UpdateDisplayRequest                 0x08001781   Thumb Code     8  stm32l1xx_lcd.o(i.LCD_UpdateDisplayRequest)
    LCD_WaitForSynchro                       0x0800178d   Thumb Code    10  stm32l1xx_lcd.o(i.LCD_WaitForSynchro)
    LCD_bar                                  0x0800179d   Thumb Code    48  stm32l_discovery_lcd.o(i.LCD_bar)
    MemManage_Handler                        0x080017d5   Thumb Code     2  stm32l1xx_it.o(i.MemManage_Handler)
    NMI_Handler                              0x080017d7   Thumb Code     2  stm32l1xx_it.o(i.NMI_Handler)
    NVIC2_Configuration                      0x080017d9   Thumb Code    40  main.o(i.NVIC2_Configuration)
    NVIC3_Configuration                      0x08001801   Thumb Code    40  main.o(i.NVIC3_Configuration)
    NVIC_Init                                0x08001829   Thumb Code    90  misc.o(i.NVIC_Init)
    NVIC_PriorityGroupConfig                 0x0800188d   Thumb Code    10  misc.o(i.NVIC_PriorityGroupConfig)
    PWR_EnterSTOPMode                        0x080018a1   Thumb Code    42  stm32l1xx_pwr.o(i.PWR_EnterSTOPMode)
    PWR_GetFlagStatus                        0x080018d5   Thumb Code    16  stm32l1xx_pwr.o(i.PWR_GetFlagStatus)
    PWR_RTCAccessCmd                         0x080018e9   Thumb Code     6  stm32l1xx_pwr.o(i.PWR_RTCAccessCmd)
    PWR_VoltageScalingConfig                 0x080018f5   Thumb Code    18  stm32l1xx_pwr.o(i.PWR_VoltageScalingConfig)
    PendSV_Handler                           0x0800190d   Thumb Code     2  stm32l1xx_it.o(i.PendSV_Handler)
    RCC_AHBPeriphClockCmd                    0x08001911   Thumb Code    18  stm32l1xx_rcc.o(i.RCC_AHBPeriphClockCmd)
    RCC_APB1PeriphClockCmd                   0x08001929   Thumb Code    18  stm32l1xx_rcc.o(i.RCC_APB1PeriphClockCmd)
    RCC_APB2PeriphClockCmd                   0x08001941   Thumb Code    18  stm32l1xx_rcc.o(i.RCC_APB2PeriphClockCmd)
    RCC_Configuration                        0x08001959   Thumb Code    70  main.o(i.RCC_Configuration)
    RCC_GetClocksFreq                        0x080019a5   Thumb Code   150  stm32l1xx_rcc.o(i.RCC_GetClocksFreq)
    RCC_GetFlagStatus                        0x08001a4d   Thumb Code    36  stm32l1xx_rcc.o(i.RCC_GetFlagStatus)
    RCC_HSEConfig                            0x08001a75   Thumb Code    10  stm32l1xx_rcc.o(i.RCC_HSEConfig)
    RCC_HSICmd                               0x08001a85   Thumb Code     6  stm32l1xx_rcc.o(i.RCC_HSICmd)
    RCC_LSEConfig                            0x08001a91   Thumb Code    10  stm32l1xx_rcc.o(i.RCC_LSEConfig)
    RCC_MSIRangeConfig                       0x08001aa1   Thumb Code    14  stm32l1xx_rcc.o(i.RCC_MSIRangeConfig)
    RCC_RTCCLKCmd                            0x08001ab5   Thumb Code     6  stm32l1xx_rcc.o(i.RCC_RTCCLKCmd)
    RCC_RTCCLKConfig                         0x08001ac1   Thumb Code    48  stm32l1xx_rcc.o(i.RCC_RTCCLKConfig)
    RCC_RTCResetCmd                          0x08001af5   Thumb Code     6  stm32l1xx_rcc.o(i.RCC_RTCResetCmd)
    RCC_SYSCLKConfig                         0x08001b01   Thumb Code    14  stm32l1xx_rcc.o(i.RCC_SYSCLKConfig)
    RTC_ClearITPendingBit                    0x08001b15   Thumb Code    24  stm32l1xx_rtc.o(i.RTC_ClearITPendingBit)
    RTC_Configuration                        0x08001b31   Thumb Code    54  main.o(i.RTC_Configuration)
    RTC_GetITStatus                          0x08001b69   Thumb Code    46  stm32l1xx_rtc.o(i.RTC_GetITStatus)
    RTC_ITConfig                             0x08001ba1   Thumb Code    60  stm32l1xx_rtc.o(i.RTC_ITConfig)
    RTC_SetWakeUpCounter                     0x08001be1   Thumb Code    22  stm32l1xx_rtc.o(i.RTC_SetWakeUpCounter)
    RTC_WKUP_IRQHandler                      0x08001bfd   Thumb Code    34  stm32l1xx_it.o(i.RTC_WKUP_IRQHandler)
    RTC_WaitForSynchro                       0x08001c21   Thumb Code    68  stm32l1xx_rtc.o(i.RTC_WaitForSynchro)
    RTC_WakeUpClockConfig                    0x08001c69   Thumb Code    34  stm32l1xx_rtc.o(i.RTC_WakeUpClockConfig)
    RTC_WakeUpCmd                            0x08001c91   Thumb Code    84  stm32l1xx_rtc.o(i.RTC_WakeUpCmd)
    SVC_Handler                              0x08001ce9   Thumb Code     2  stm32l1xx_it.o(i.SVC_Handler)
    SYSCFG_EXTILineConfig                    0x08001ced   Thumb Code    34  stm32l1xx_syscfg.o(i.SYSCFG_EXTILineConfig)
    SysTick_Handler                          0x08001db5   Thumb Code     4  stm32l1xx_it.o(i.SysTick_Handler)
    SystemInit                               0x08001db9   Thumb Code    68  system_stm32l1xx.o(i.SystemInit)
    TimingDelay_Decrement                    0x08001e0d   Thumb Code    16  main.o(i.TimingDelay_Decrement)
    USART2_IRQHandler                        0x08001e21   Thumb Code   488  stm32l1xx_it.o(i.USART2_IRQHandler)
    USART3_IRQHandler                        0x08002029   Thumb Code   106  stm32l1xx_it.o(i.USART3_IRQHandler)
    USART_ClearFlag                          0x080020a9   Thumb Code     6  stm32l1xx_usart.o(i.USART_ClearFlag)
    USART_ClearITPendingBit                  0x080020af   Thumb Code    12  stm32l1xx_usart.o(i.USART_ClearITPendingBit)
    USART_Cmd                                0x080020bb   Thumb Code    20  stm32l1xx_usart.o(i.USART_Cmd)
    USART_GetFlagStatus                      0x080020cf   Thumb Code    14  stm32l1xx_usart.o(i.USART_GetFlagStatus)
    USART_GetITStatus                        0x080020dd   Thumb Code    62  stm32l1xx_usart.o(i.USART_GetITStatus)
    USART_ITConfig                           0x0800211b   Thumb Code    48  stm32l1xx_usart.o(i.USART_ITConfig)
    USART_Init                               0x0800214d   Thumb Code   168  stm32l1xx_usart.o(i.USART_Init)
    USART_ReceiveData                        0x080021f9   Thumb Code     8  stm32l1xx_usart.o(i.USART_ReceiveData)
    USART_SendData                           0x08002201   Thumb Code     8  stm32l1xx_usart.o(i.USART_SendData)
    UsageFault_Handler                       0x08002209   Thumb Code     2  stm32l1xx_it.o(i.UsageFault_Handler)
    __0sprintf                               0x0800220d   Thumb Code    34  printfa.o(i.__0sprintf)
    __1sprintf                               0x0800220d   Thumb Code     0  printfa.o(i.__0sprintf)
    __2sprintf                               0x0800220d   Thumb Code     0  printfa.o(i.__0sprintf)
    __c89sprintf                             0x0800220d   Thumb Code     0  printfa.o(i.__0sprintf)
    sprintf                                  0x0800220d   Thumb Code     0  printfa.o(i.__0sprintf)
    __scatterload_copy                       0x08002235   Thumb Code    14  handlers.o(i.__scatterload_copy)
    __scatterload_null                       0x08002243   Thumb Code     2  handlers.o(i.__scatterload_null)
    __scatterload_zeroinit                   0x08002245   Thumb Code    14  handlers.o(i.__scatterload_zeroinit)
    acquireTemperatureData                   0x08002b01   Thumb Code   106  main.o(i.acquireTemperatureData)
    compose                                  0x08002b7d   Thumb Code   304  service.o(i.compose)
    composeRequest                           0x08002d29   Thumb Code    32  service.o(i.composeRequest)
    conf_analog_all_GPIOS                    0x08002d6d   Thumb Code   114  main.o(i.conf_analog_all_GPIOS)
    configureADC_Temp                        0x08002df9   Thumb Code   158  main.o(i.configureADC_Temp)
    configureDMA                             0x08002ea5   Thumb Code   110  main.o(i.configureDMA)
    configureWakeup                          0x08002f21   Thumb Code   160  main.o(i.configureWakeup)
    decompose                                0x08002fc5   Thumb Code   166  service.o(i.decompose)
    entry                                    0x0800309d   Thumb Code   220  service.o(i.entry)
    insertionSort                            0x080031c5   Thumb Code    48  main.o(i.insertionSort)
    interquartileMean                        0x080031f5   Thumb Code    36  main.o(i.interquartileMean)
    main                                     0x08003219   Thumb Code   296  main.o(i.main)
    powerDownADC_Temper                      0x08003375   Thumb Code    42  main.o(i.powerDownADC_Temper)
    processTempData                          0x080033a9   Thumb Code    74  main.o(i.processTempData)
    send                                     0x080033fd   Thumb Code    34  service.o(i.send)
    sendRequest                              0x08003429   Thumb Code    54  service.o(i.sendRequest)
    serialPutChar                            0x08003479   Thumb Code    26  service.o(i.serialPutChar)
    serialPutString                          0x08003499   Thumb Code    22  service.o(i.serialPutString)
    setADCDMA_TransferComplete               0x080034b1   Thumb Code     8  main.o(i.setADCDMA_TransferComplete)
    setUserButtonFlag                        0x080034bd   Thumb Code     8  main.o(i.setUserButtonFlag)
    testFactoryCalibData                     0x080034c9   Thumb Code    18  main.o(i.testFactoryCalibData)
    testUserCalibData                        0x080034e1   Thumb Code    18  main.o(i.testUserCalibData)
    writeCalibData                           0x080034f9   Thumb Code    54  main.o(i.writeCalibData)
    CapLetterMap                             0x08003538   Data          52  stm32l_discovery_lcd.o(.constdata)
    NumberMap                                0x0800356c   Data          20  stm32l_discovery_lcd.o(.constdata)
    Region$$Table$$Base                      0x08003590   Number         0  anon$$obj.o(Region$$Table)
    Region$$Table$$Limit                     0x080035b0   Number         0  anon$$obj.o(Region$$Table)
    KeyPressed                               0x20000019   Data           1  stm32l_discovery_lcd.o(.data)
    t_bar                                    0x2000001a   Data           2  stm32l_discovery_lcd.o(.data)
    count                                    0x2000001c   Data           4  stm32l1xx_it.o(.data)
    end                                      0x20000020   Data           4  stm32l1xx_it.o(.data)
    f_count                                  0x20000024   Data           4  stm32l1xx_it.o(.data)
    sum_temp                                 0x20000028   Data           4  stm32l1xx_it.o(.data)
    id_temp                                  0x2000002c   Data           4  stm32l1xx_it.o(.data)
    val_temp                                 0x20000030   Data           4  stm32l1xx_it.o(.data)
    cyc_temp                                 0x20000034   Data           4  stm32l1xx_it.o(.data)
    k                                        0x20000038   Data           4  stm32l1xx_it.o(.data)
    CurrentlyDisplayed                       0x2000003c   Data           1  main.o(.data)
    FLASHStatus                              0x2000003d   Data           1  main.o(.data)
    flag_ADCDMA_TransferComplete             0x2000003e   Data           1  main.o(.data)
    flag_UserButton                          0x2000003f   Data           1  main.o(.data)
    T_StartupTimeDelay                       0x20000040   Data           2  main.o(.data)
    ADC_CommonInitStructure                  0x20000044   Data           4  main.o(.data)
    refAVG                                   0x20000048   Data           4  main.o(.data)
    tempAVG                                  0x2000004c   Data           4  main.o(.data)
    temperature_C                            0x20000050   Data           4  main.o(.data)
    calibdata                                0x20000058   Data           8  main.o(.data)
    m_bRegistered                            0x20000060   Data           1  service.o(.data)
    sinkId                                   0x20000064   Data           4  service.o(.data)
    overtime                                 0x20000068   Data           4  service.o(.data)
    sendRegC                                 0x2000006c   Data           4  service.o(.data)
    buf_C                                    0x20000070   Data           4  service.o(.data)
    s                                        0x20000074   Data           4  service.o(.data)
    len                                      0x20000078   Data           4  service.o(.data)
    i                                        0x2000007c   Data           4  service.o(.data)
    buf                                      0x20000080   Data        1000  stm32l1xx_it.o(.bss)
    f_buf                                    0x20000468   Data          15  stm32l1xx_it.o(.bss)
    d_count                                  0x20000478   Data          20  stm32l1xx_it.o(.bss)
    d_current                                0x2000048c   Data          20  stm32l1xx_it.o(.bss)
    d_first                                  0x200004a0   Data          20  stm32l1xx_it.o(.bss)
    d_end                                    0x200004b4   Data          20  stm32l1xx_it.o(.bss)
    SensorDatas                              0x200004c8   Data         200  stm32l1xx_it.o(.bss)
    sensorCycle                              0x20000590   Data          20  stm32l1xx_it.o(.bss)
    ADC_InitStructure                        0x200005a4   Data          24  main.o(.bss)
    DMA_InitStructure                        0x200005bc   Data          44  main.o(.bss)
    ADC_ConvertedValueBuff                   0x200005e8   Data          40  main.o(.bss)
    strDisp                                  0x20000610   Data          20  main.o(.bss)
    RCC_Clocks                               0x20000624   Data          16  main.o(.bss)
    m_sErrorMsg                              0x20000634   Data         100  main.o(.bss)
    basicData                                0x20000698   Data        3000  service.o(.bss)
    requestData                              0x20001250   Data         100  service.o(.bss)
    sResponse                                0x200012b4   Data         256  service.o(.bss)
    pHead                                    0x200013b4   Data         200  service.o(.bss)
    pTail                                    0x2000147c   Data          20  service.o(.bss)
    sCommand                                 0x20001490   Data          20  service.o(.bss)
    id                                       0x200014a4   Data          10  service.o(.bss)
    value                                    0x200014ae   Data          10  service.o(.bss)
    rate                                     0x200014b8   Data          10  service.o(.bss)
    tempS                                    0x200014c2   Data          10  service.o(.bss)
    __initial_sp                             0x200018d0   Data           0  startup_stm32l1xx_md.o(STACK)



==============================================================================

Memory Map of the image

  Image Entry point : 0x080000f5

  Load Region LR_IROM1 (Base: 0x08000000, Size: 0x00003630, Max: 0x00020000, ABSOLUTE)

    Execution Region ER_IROM1 (Base: 0x08000000, Size: 0x000035b0, Max: 0x00020000, ABSOLUTE)

    Base Addr    Size         Type   Attr      Idx    E Section Name        Object

    0x08000000   0x000000f4   Data   RO           19    RESET               startup_stm32l1xx_md.o
    0x080000f4   0x00000000   Code   RO         3535  * .ARM.Collect$$$$00000000  mc_w.l(entry.o)
    0x080000f4   0x00000004   Code   RO         3825    .ARM.Collect$$$$00000001  mc_w.l(entry2.o)
    0x080000f8   0x00000004   Code   RO         3828    .ARM.Collect$$$$00000004  mc_w.l(entry5.o)
    0x080000fc   0x00000000   Code   RO         3830    .ARM.Collect$$$$00000008  mc_w.l(entry7b.o)
    0x080000fc   0x00000000   Code   RO         3832    .ARM.Collect$$$$0000000A  mc_w.l(entry8b.o)
    0x080000fc   0x00000008   Code   RO         3833    .ARM.Collect$$$$0000000B  mc_w.l(entry9a.o)
    0x08000104   0x00000000   Code   RO         3835    .ARM.Collect$$$$0000000D  mc_w.l(entry10a.o)
    0x08000104   0x00000000   Code   RO         3837    .ARM.Collect$$$$0000000F  mc_w.l(entry11a.o)
    0x08000104   0x00000004   Code   RO         3826    .ARM.Collect$$$$00002712  mc_w.l(entry2.o)
    0x08000108   0x00000024   Code   RO           20    .text               startup_stm32l1xx_md.o
    0x0800012c   0x00000024   Code   RO         3538    .text               mc_w.l(memcpya.o)
    0x08000150   0x00000018   Code   RO         3540    .text               mc_w.l(strcat.o)
    0x08000168   0x00000024   Code   RO         3542    .text               mc_w.l(strstr.o)
    0x0800018c   0x0000000e   Code   RO         3544    .text               mc_w.l(strlen.o)
    0x0800019a   0x0000001c   Code   RO         3546    .text               mc_w.l(strcmp.o)
    0x080001b6   0x00000012   Code   RO         3548    .text               mc_w.l(strcpy.o)
    0x080001c8   0x0000014e   Code   RO         3813    .text               mf_w.l(dadd.o)
    0x08000316   0x000000e4   Code   RO         3815    .text               mf_w.l(dmul.o)
    0x080003fa   0x0000000a   Code   RO         3817    .text               mf_w.l(ffltui.o)
    0x08000404   0x0000001a   Code   RO         3819    .text               mf_w.l(dfltui.o)
    0x0800041e   0x00000026   Code   RO         3821    .text               mf_w.l(f2d.o)
    0x08000444   0x00000038   Code   RO         3823    .text               mf_w.l(d2f.o)
    0x0800047c   0x0000002c   Code   RO         3842    .text               mc_w.l(uidiv.o)
    0x080004a8   0x00000062   Code   RO         3844    .text               mc_w.l(uldiv.o)
    0x0800050a   0x0000001e   Code   RO         3846    .text               mc_w.l(llshl.o)
    0x08000528   0x00000024   Code   RO         3848    .text               mc_w.l(llsshr.o)
    0x0800054c   0x00000000   Code   RO         3850    .text               mc_w.l(iusefp.o)
    0x0800054c   0x0000006c   Code   RO         3851    .text               mf_w.l(fepilogue.o)
    0x080005b8   0x000000be   Code   RO         3853    .text               mf_w.l(depilogue.o)
    0x08000676   0x000000de   Code   RO         3855    .text               mf_w.l(ddiv.o)
    0x08000754   0x00000030   Code   RO         3857    .text               mf_w.l(dfixul.o)
    0x08000784   0x00000028   Code   RO         3859    .text               mf_w.l(cdrcmple.o)
    0x080007ac   0x00000024   Code   RO         3861    .text               mc_w.l(init.o)
    0x080007d0   0x00000020   Code   RO         3864    .text               mc_w.l(llushr.o)
    0x080007f0   0x00000014   Code   RO          221    i.ADC_Cmd           stm32l1xx_adc.o
    0x08000804   0x00000014   Code   RO          222    i.ADC_CommonInit    stm32l1xx_adc.o
    0x08000818   0x00000014   Code   RO          225    i.ADC_DMACmd        stm32l1xx_adc.o
    0x0800082c   0x0000000e   Code   RO          235    i.ADC_GetFlagStatus  stm32l1xx_adc.o
    0x0800083a   0x00000002   PAD
    0x0800083c   0x0000004c   Code   RO          241    i.ADC_Init          stm32l1xx_adc.o
    0x08000888   0x000000be   Code   RO          246    i.ADC_RegularChannelConfig  stm32l1xx_adc.o
    0x08000946   0x0000000a   Code   RO          248    i.ADC_SoftwareStartConv  stm32l1xx_adc.o
    0x08000950   0x00000018   Code   RO          250    i.ADC_StructInit    stm32l1xx_adc.o
    0x08000968   0x0000001c   Code   RO          251    i.ADC_TempSensorVrefintCmd  stm32l1xx_adc.o
    0x08000984   0x00000002   Code   RO         3165    i.BusFault_Handler  stm32l1xx_it.o
    0x08000986   0x00000022   Code   RO          861    i.DATA_EEPROM_ProgramWord  stm32l1xx_flash.o
    0x080009a8   0x00000024   Code   RO          862    i.DATA_EEPROM_Unlock  stm32l1xx_flash.o
    0x080009cc   0x00000018   Code   RO          669    i.DBGMCU_Config     stm32l1xx_dbgmcu.o
    0x080009e4   0x00000010   Code   RO         3166    i.DMA1_Channel1_IRQHandler  stm32l1xx_it.o
    0x080009f4   0x00000010   Code   RO          711    i.DMA_ClearFlag     stm32l1xx_dma.o
    0x08000a04   0x00000016   Code   RO          713    i.DMA_Cmd           stm32l1xx_dma.o
    0x08000a1a   0x00000002   PAD
    0x08000a1c   0x0000008c   Code   RO          714    i.DMA_DeInit        stm32l1xx_dma.o
    0x08000aa8   0x00000010   Code   RO          718    i.DMA_ITConfig      stm32l1xx_dma.o
    0x08000ab8   0x0000003a   Code   RO          719    i.DMA_Init          stm32l1xx_dma.o
    0x08000af2   0x0000001a   Code   RO          721    i.DMA_StructInit    stm32l1xx_dma.o
    0x08000b0c   0x00000002   Code   RO         3167    i.DebugMon_Handler  stm32l1xx_it.o
    0x08000b0e   0x00000002   PAD
    0x08000b10   0x00000010   Code   RO         3275    i.Delay             main.o
    0x08000b20   0x0000002c   Code   RO         3168    i.EXTI0_IRQHandler  stm32l1xx_it.o
    0x08000b4c   0x0000000c   Code   RO          792    i.EXTI_ClearITPendingBit  stm32l1xx_exti.o
    0x08000b58   0x00000070   Code   RO          797    i.EXTI_Init         stm32l1xx_exti.o
    0x08000bc8   0x0000000c   Code   RO          863    i.FLASH_ClearFlag   stm32l1xx_flash.o
    0x08000bd4   0x0000002c   Code   RO          867    i.FLASH_GetStatus   stm32l1xx_flash.o
    0x08000c00   0x00000024   Code   RO          886    i.FLASH_WaitForLastOperation  stm32l1xx_flash.o
    0x08000c24   0x0000009e   Code   RO         1069    i.GPIO_Init         stm32l1xx_gpio.o
    0x08000cc2   0x00000020   Code   RO         1070    i.GPIO_PinAFConfig  stm32l1xx_gpio.o
    0x08000ce2   0x00000012   Code   RO         1078    i.GPIO_StructInit   stm32l1xx_gpio.o
    0x08000cf4   0x000000e4   Code   RO         3276    i.GPIO_USART2_Configuration  main.o
    0x08000dd8   0x000000e4   Code   RO         3277    i.GPIO_USART3_Configuration  main.o
    0x08000ebc   0x00000002   Code   RO         3169    i.HardFault_Handler  stm32l1xx_it.o
    0x08000ebe   0x00000002   PAD
    0x08000ec0   0x000000a0   Code   RO         3278    i.Init_GPIOs        main.o
    0x08000f60   0x00000018   Code   RO         1416    i.LCD_BlinkConfig   stm32l1xx_lcd.o
    0x08000f78   0x0000000c   Code   RO         1419    i.LCD_Cmd           stm32l1xx_lcd.o
    0x08000f84   0x00000018   Code   RO         1420    i.LCD_ContrastConfig  stm32l1xx_lcd.o
    0x08000f9c   0x000000f8   Code   RO         3039    i.LCD_Conv_Char_Seg  stm32l_discovery_lcd.o
    0x08001094   0x00000018   Code   RO         1422    i.LCD_DeadTimeConfig  stm32l1xx_lcd.o
    0x080010ac   0x00000028   Code   RO         3040    i.LCD_GLASS_Clear   stm32l_discovery_lcd.o
    0x080010d4   0x00000168   Code   RO         3041    i.LCD_GLASS_Configure_GPIO  stm32l_discovery_lcd.o
    0x0800123c   0x00000026   Code   RO         3043    i.LCD_GLASS_DisplayString  stm32l_discovery_lcd.o
    0x08001262   0x00000068   Code   RO         3044    i.LCD_GLASS_Init    stm32l_discovery_lcd.o
    0x080012ca   0x00000002   PAD
    0x080012cc   0x000000cc   Code   RO         3045    i.LCD_GLASS_ScrollSentence  stm32l_discovery_lcd.o
    0x08001398   0x00000370   Code   RO         3046    i.LCD_GLASS_WriteChar  stm32l_discovery_lcd.o
    0x08001708   0x00000014   Code   RO         1423    i.LCD_GetFlagStatus  stm32l1xx_lcd.o
    0x0800171c   0x00000040   Code   RO         1427    i.LCD_Init          stm32l1xx_lcd.o
    0x0800175c   0x0000000c   Code   RO         1428    i.LCD_MuxSegmentCmd  stm32l1xx_lcd.o
    0x08001768   0x00000018   Code   RO         1429    i.LCD_PulseOnDurationConfig  stm32l1xx_lcd.o
    0x08001780   0x0000000c   Code   RO         1431    i.LCD_UpdateDisplayRequest  stm32l1xx_lcd.o
    0x0800178c   0x00000010   Code   RO         1432    i.LCD_WaitForSynchro  stm32l1xx_lcd.o
    0x0800179c   0x00000038   Code   RO         3047    i.LCD_bar           stm32l_discovery_lcd.o
    0x080017d4   0x00000002   Code   RO         3170    i.MemManage_Handler  stm32l1xx_it.o
    0x080017d6   0x00000002   Code   RO         3171    i.NMI_Handler       stm32l1xx_it.o
    0x080017d8   0x00000028   Code   RO         3279    i.NVIC2_Configuration  main.o
    0x08001800   0x00000028   Code   RO         3280    i.NVIC3_Configuration  main.o
    0x08001828   0x00000064   Code   RO          171    i.NVIC_Init         misc.o
    0x0800188c   0x00000014   Code   RO          172    i.NVIC_PriorityGroupConfig  misc.o
    0x080018a0   0x00000034   Code   RO         1542    i.PWR_EnterSTOPMode  stm32l1xx_pwr.o
    0x080018d4   0x00000014   Code   RO         1545    i.PWR_GetFlagStatus  stm32l1xx_pwr.o
    0x080018e8   0x0000000c   Code   RO         1548    i.PWR_RTCAccessCmd  stm32l1xx_pwr.o
    0x080018f4   0x00000018   Code   RO         1550    i.PWR_VoltageScalingConfig  stm32l1xx_pwr.o
    0x0800190c   0x00000002   Code   RO         3172    i.PendSV_Handler    stm32l1xx_it.o
    0x0800190e   0x00000002   PAD
    0x08001910   0x00000018   Code   RO         1636    i.RCC_AHBPeriphClockCmd  stm32l1xx_rcc.o
    0x08001928   0x00000018   Code   RO         1639    i.RCC_APB1PeriphClockCmd  stm32l1xx_rcc.o
    0x08001940   0x00000018   Code   RO         1642    i.RCC_APB2PeriphClockCmd  stm32l1xx_rcc.o
    0x08001958   0x0000004c   Code   RO         3281    i.RCC_Configuration  main.o
    0x080019a4   0x000000a8   Code   RO         1651    i.RCC_GetClocksFreq  stm32l1xx_rcc.o
    0x08001a4c   0x00000028   Code   RO         1652    i.RCC_GetFlagStatus  stm32l1xx_rcc.o
    0x08001a74   0x00000010   Code   RO         1656    i.RCC_HSEConfig     stm32l1xx_rcc.o
    0x08001a84   0x0000000c   Code   RO         1657    i.RCC_HSICmd        stm32l1xx_rcc.o
    0x08001a90   0x00000010   Code   RO         1659    i.RCC_LSEConfig     stm32l1xx_rcc.o
    0x08001aa0   0x00000014   Code   RO         1663    i.RCC_MSIRangeConfig  stm32l1xx_rcc.o
    0x08001ab4   0x0000000c   Code   RO         1668    i.RCC_RTCCLKCmd     stm32l1xx_rcc.o
    0x08001ac0   0x00000034   Code   RO         1669    i.RCC_RTCCLKConfig  stm32l1xx_rcc.o
    0x08001af4   0x0000000c   Code   RO         1670    i.RCC_RTCResetCmd   stm32l1xx_rcc.o
    0x08001b00   0x00000014   Code   RO         1671    i.RCC_SYSCLKConfig  stm32l1xx_rcc.o
    0x08001b14   0x0000001c   Code   RO         1880    i.RTC_ClearITPendingBit  stm32l1xx_rtc.o
    0x08001b30   0x00000036   Code   RO         3282    i.RTC_Configuration  main.o
    0x08001b66   0x00000002   PAD
    0x08001b68   0x00000038   Code   RO         1891    i.RTC_GetITStatus   stm32l1xx_rtc.o
    0x08001ba0   0x00000040   Code   RO         1896    i.RTC_ITConfig      stm32l1xx_rtc.o
    0x08001be0   0x0000001c   Code   RO         1905    i.RTC_SetWakeUpCounter  stm32l1xx_rtc.o
    0x08001bfc   0x00000022   Code   RO         3173    i.RTC_WKUP_IRQHandler  stm32l1xx_it.o
    0x08001c1e   0x00000002   PAD
    0x08001c20   0x00000048   Code   RO         1911    i.RTC_WaitForSynchro  stm32l1xx_rtc.o
    0x08001c68   0x00000028   Code   RO         1912    i.RTC_WakeUpClockConfig  stm32l1xx_rtc.o
    0x08001c90   0x00000058   Code   RO         1913    i.RTC_WakeUpCmd     stm32l1xx_rtc.o
    0x08001ce8   0x00000002   Code   RO         3174    i.SVC_Handler       stm32l1xx_it.o
    0x08001cea   0x00000002   PAD
    0x08001cec   0x00000028   Code   RO         2273    i.SYSCFG_EXTILineConfig  stm32l1xx_syscfg.o
    0x08001d14   0x000000a0   Code   RO         3128    i.SetSysClock       system_stm32l1xx.o
    0x08001db4   0x00000004   Code   RO         3175    i.SysTick_Handler   stm32l1xx_it.o
    0x08001db8   0x00000054   Code   RO         3130    i.SystemInit        system_stm32l1xx.o
    0x08001e0c   0x00000014   Code   RO         3283    i.TimingDelay_Decrement  main.o
    0x08001e20   0x00000208   Code   RO         3176    i.USART2_IRQHandler  stm32l1xx_it.o
    0x08002028   0x00000080   Code   RO         3177    i.USART3_IRQHandler  stm32l1xx_it.o
    0x080020a8   0x00000006   Code   RO         2851    i.USART_ClearFlag   stm32l1xx_usart.o
    0x080020ae   0x0000000c   Code   RO         2852    i.USART_ClearITPendingBit  stm32l1xx_usart.o
    0x080020ba   0x00000014   Code   RO         2855    i.USART_Cmd         stm32l1xx_usart.o
    0x080020ce   0x0000000e   Code   RO         2858    i.USART_GetFlagStatus  stm32l1xx_usart.o
    0x080020dc   0x0000003e   Code   RO         2859    i.USART_GetITStatus  stm32l1xx_usart.o
    0x0800211a   0x00000030   Code   RO         2861    i.USART_ITConfig    stm32l1xx_usart.o
    0x0800214a   0x00000002   PAD
    0x0800214c   0x000000ac   Code   RO         2862    i.USART_Init        stm32l1xx_usart.o
    0x080021f8   0x00000008   Code   RO         2869    i.USART_ReceiveData  stm32l1xx_usart.o
    0x08002200   0x00000008   Code   RO         2872    i.USART_SendData    stm32l1xx_usart.o
    0x08002208   0x00000002   Code   RO         3178    i.UsageFault_Handler  stm32l1xx_it.o
    0x0800220a   0x00000002   PAD
    0x0800220c   0x00000028   Code   RO         3787    i.__0sprintf        mc_w.l(printfa.o)
    0x08002234   0x0000000e   Code   RO         3869    i.__scatterload_copy  mc_w.l(handlers.o)
    0x08002242   0x00000002   Code   RO         3870    i.__scatterload_null  mc_w.l(handlers.o)
    0x08002244   0x0000000e   Code   RO         3871    i.__scatterload_zeroinit  mc_w.l(handlers.o)
    0x08002252   0x00000002   PAD
    0x08002254   0x0000015c   Code   RO         3792    i._fp_digits        mc_w.l(printfa.o)
    0x080023b0   0x000006f0   Code   RO         3793    i._printf_core      mc_w.l(printfa.o)
    0x08002aa0   0x00000026   Code   RO         3794    i._printf_post_padding  mc_w.l(printfa.o)
    0x08002ac6   0x00000030   Code   RO         3795    i._printf_pre_padding  mc_w.l(printfa.o)
    0x08002af6   0x0000000a   Code   RO         3797    i._sputc            mc_w.l(printfa.o)
    0x08002b00   0x0000007c   Code   RO         3284    i.acquireTemperatureData  main.o
    0x08002b7c   0x000001ac   Code   RO         3463    i.compose           service.o
    0x08002d28   0x00000044   Code   RO         3464    i.composeRequest    service.o
    0x08002d6c   0x0000008c   Code   RO         3287    i.conf_analog_all_GPIOS  main.o
    0x08002df8   0x000000ac   Code   RO         3288    i.configureADC_Temp  main.o
    0x08002ea4   0x0000007c   Code   RO         3289    i.configureDMA      main.o
    0x08002f20   0x000000a4   Code   RO         3290    i.configureWakeup   main.o
    0x08002fc4   0x000000d8   Code   RO         3465    i.decompose         service.o
    0x0800309c   0x00000128   Code   RO         3466    i.entry             service.o
    0x080031c4   0x00000030   Code   RO         3291    i.insertionSort     main.o
    0x080031f4   0x00000024   Code   RO         3292    i.interquartileMean  main.o
    0x08003218   0x0000015c   Code   RO         3293    i.main              main.o
    0x08003374   0x00000034   Code   RO         3294    i.powerDownADC_Temper  main.o
    0x080033a8   0x00000054   Code   RO         3295    i.processTempData   main.o
    0x080033fc   0x0000002c   Code   RO         3467    i.send              service.o
    0x08003428   0x00000050   Code   RO         3468    i.sendRequest       service.o
    0x08003478   0x00000020   Code   RO         3469    i.serialPutChar     service.o
    0x08003498   0x00000016   Code   RO         3470    i.serialPutString   service.o
    0x080034ae   0x00000002   PAD
    0x080034b0   0x0000000c   Code   RO         3296    i.setADCDMA_TransferComplete  main.o
    0x080034bc   0x0000000c   Code   RO         3297    i.setUserButtonFlag  main.o
    0x080034c8   0x00000018   Code   RO         3298    i.testFactoryCalibData  main.o
    0x080034e0   0x00000018   Code   RO         3299    i.testUserCalibData  main.o
    0x080034f8   0x00000040   Code   RO         3300    i.writeCalibData    main.o
    0x08003538   0x00000048   Data   RO         3049    .constdata          stm32l_discovery_lcd.o
    0x08003580   0x00000005   Data   RO         3475    .constdata          service.o
    0x08003585   0x00000009   Data   RO         3476    .conststring        service.o
    0x0800358e   0x00000002   PAD
    0x08003590   0x00000020   Data   RO         3867    Region$$Table       anon$$obj.o


    Execution Region RW_IRAM1 (Base: 0x20000000, Size: 0x000018d0, Max: 0x00003c00, ABSOLUTE)

    Base Addr    Size         Type   Attr      Idx    E Section Name        Object

    0x20000000   0x00000019   Data   RW         1673    .data               stm32l1xx_rcc.o
    0x20000019   0x00000003   Data   RW         3050    .data               stm32l_discovery_lcd.o
    0x2000001c   0x00000020   Data   RW         3180    .data               stm32l1xx_it.o
    0x2000003c   0x00000024   Data   RW         3304    .data               main.o
    0x20000060   0x00000020   Data   RW         3477    .data               service.o
    0x20000080   0x00000524   Zero   RW         3179    .bss                stm32l1xx_it.o
    0x200005a4   0x00000090   Zero   RW         3301    .bss                main.o
    0x20000634   0x00000064   Zero   RW         3302    .bss                main.o
    0x20000698   0x00000e34   Zero   RW         3471    .bss                service.o
    0x200014cc   0x00000004   PAD
    0x200014d0   0x00000400   Zero   RW           17    STACK               startup_stm32l1xx_md.o


==============================================================================

Image component sizes


      Code (inc. data)   RO Data    RW Data    ZI Data      Debug   Object Name

         0          0          0          0          0       4244   core_cm3.o
      2290        252          0         36        244      40162   main.o
       120         20          0          0          0       1719   misc.o
      1186        328         14         32       3636       6856   service.o
        36          8        244          0       1024        928   startup_stm32l1xx_md.o
       402         20          0          0          0       7074   stm32l1xx_adc.o
        24          6          0          0          0        612   stm32l1xx_dbgmcu.o
       278         10          0          0          0       4930   stm32l1xx_dma.o
       124         10          0          0          0       1761   stm32l1xx_exti.o
       162         26          0          0          0       4096   stm32l1xx_flash.o
       208          0          0          0          0       2477   stm32l1xx_gpio.o
       762         64          0         32       1316       8521   stm32l1xx_it.o
       232         52          0          0          0       7077   stm32l1xx_lcd.o
       108         26          0          0          0       2454   stm32l1xx_pwr.o
       440         86          0         25          0       9948   stm32l1xx_rcc.o
       376         38          0          0          0       5820   stm32l1xx_rtc.o
        40          6          0          0          0        672   stm32l1xx_syscfg.o
       350          4          0          0          0       6829   stm32l1xx_usart.o
         0          0          0          0          0     204636   stm32l1xx_wwdg.o
      1930         58         72          3          0       6975   stm32l_discovery_lcd.o
       244         30          0          0          0       1581   system_stm32l1xx.o

    ----------------------------------------------------------------------
      9336       1044        364        128       6224     329372   Object Totals
         0          0         32          0          0          0   (incl. Generated)
        24          0          2          0          4          0   (incl. Padding)

    ----------------------------------------------------------------------

      Code (inc. data)   RO Data    RW Data    ZI Data      Debug   Library Member Name

         0          0          0          0          0          0   entry.o
         0          0          0          0          0          0   entry10a.o
         0          0          0          0          0          0   entry11a.o
         8          4          0          0          0          0   entry2.o
         4          0          0          0          0          0   entry5.o
         0          0          0          0          0          0   entry7b.o
         0          0          0          0          0          0   entry8b.o
         8          4          0          0          0          0   entry9a.o
        30          0          0          0          0          0   handlers.o
        36          8          0          0          0         68   init.o
         0          0          0          0          0          0   iusefp.o
        30          0          0          0          0         68   llshl.o
        36          0          0          0          0         68   llsshr.o
        32          0          0          0          0         68   llushr.o
        36          0          0          0          0         68   memcpya.o
      2260         86          0          0          0        512   printfa.o
        24          0          0          0          0         68   strcat.o
        28          0          0          0          0         76   strcmp.o
        18          0          0          0          0         68   strcpy.o
        14          0          0          0          0         68   strlen.o
        36          0          0          0          0         80   strstr.o
        44          0          0          0          0         80   uidiv.o
        98          0          0          0          0         92   uldiv.o
        40          2          0          0          0         68   cdrcmple.o
        56          0          0          0          0         88   d2f.o
       334          0          0          0          0        148   dadd.o
       222          0          0          0          0        100   ddiv.o
       190          0          0          0          0        176   depilogue.o
        48          0          0          0          0         68   dfixul.o
        26          0          0          0          0         76   dfltui.o
       228          0          0          0          0         96   dmul.o
        38          0          0          0          0         68   f2d.o
       108          0          0          0          0        168   fepilogue.o
        10          0          0          0          0         68   ffltui.o

    ----------------------------------------------------------------------
      4044        104          0          0          0       2508   Library Totals
         2          0          0          0          0          0   (incl. Padding)

    ----------------------------------------------------------------------

      Code (inc. data)   RO Data    RW Data    ZI Data      Debug   Library Name

      2742        102          0          0          0       1384   mc_w.l
      1300          2          0          0          0       1124   mf_w.l

    ----------------------------------------------------------------------
      4044        104          0          0          0       2508   Library Totals

    ----------------------------------------------------------------------

==============================================================================


      Code (inc. data)   RO Data    RW Data    ZI Data      Debug   

     13380       1148        364        128       6224     323924   Grand Totals
     13380       1148        364        128       6224     323924   ELF Image Totals
     13380       1148        364        128          0          0   ROM Totals

==============================================================================

    Total RO  Size (Code + RO Data)                13744 (  13.42kB)
    Total RW  Size (RW Data + ZI Data)              6352 (   6.20kB)
    Total ROM Size (Code + RO Data + RW Data)      13872 (  13.55kB)

==============================================================================

