<html>
<body>
<pre>
<h1>礦ision Build Log</h1>
<h2>Project:</h2>
E:\传感网\刘毅泽\代码\STM32L_Discovery_Firmware_Pack_V1.0.2\Projects\AN3964-Temperature_sensor - proj - ok1\MDK-ARM\Project.uvproj
Project File Date:  11/17/2014

<h2>Output:</h2>
Build target 'STM32L-Discovery'
compiling service.c...
..\inc\service.h(46): warning:  #1295-D: Deprecated declaration compose - give arg types
..\src\service.c(56): warning:  #167-D: argument of type "char *" is incompatible with parameter of type "uint8_t *"
..\src\service.c(106): warning:  #167-D: argument of type "char *" is incompatible with parameter of type "uint8_t *"
linking...
Program Size: Code=13380 RO-data=364 RW-data=128 ZI-data=6224  
".\STM32L-Discovery\STM32L-Discovery.axf" - 0 Errors, 3 Warning(s).
Rebuild target 'STM32L-Discovery'
compiling core_cm3.c...
assembling startup_stm32l1xx_md.s...
compiling stm32l1xx_wwdg.c...
compiling misc.c...
compiling stm32l1xx_adc.c...
compiling stm32l1xx_comp.c...
compiling stm32l1xx_crc.c...
compiling stm32l1xx_dac.c...
compiling stm32l1xx_dbgmcu.c...
compiling stm32l1xx_dma.c...
compiling stm32l1xx_exti.c...
compiling stm32l1xx_flash.c...
compiling stm32l1xx_gpio.c...
compiling stm32l1xx_i2c.c...
compiling stm32l1xx_iwdg.c...
compiling stm32l1xx_lcd.c...
compiling stm32l1xx_pwr.c...
compiling stm32l1xx_rcc.c...
compiling stm32l1xx_rtc.c...
compiling stm32l1xx_spi.c...
compiling stm32l1xx_syscfg.c...
compiling stm32l1xx_tim.c...
compiling stm32l1xx_usart.c...
compiling stm32l_discovery_lcd.c...
..\..\..\Utilities\STM32L-DISCOVERY\stm32l_discovery_lcd.c(286): warning:  #870-D: invalid multibyte character sequence
..\..\..\Utilities\STM32L-DISCOVERY\stm32l_discovery_lcd.c(306): warning:  #870-D: invalid multibyte character sequence
compiling system_stm32l1xx.c...
compiling stm32l1xx_it.c...
compiling main.c...
..\inc\service.h(46): warning:  #1295-D: Deprecated declaration compose - give arg types
compiling service.c...
..\inc\service.h(46): warning:  #1295-D: Deprecated declaration compose - give arg types
..\src\service.c(56): warning:  #167-D: argument of type "char *" is incompatible with parameter of type "uint8_t *"
..\src\service.c(106): warning:  #167-D: argument of type "char *" is incompatible with parameter of type "uint8_t *"
linking...
Program Size: Code=13380 RO-data=364 RW-data=128 ZI-data=6224  
".\STM32L-Discovery\STM32L-Discovery.axf" - 0 Errors, 6 Warning(s).
Load "E:\\传感网\\刘毅泽\\代码\\STM32L_Discovery_Firmware_Pack_V1.0.2\\Projects\\AN3964-Temperature_sensor - proj - ok1\\MDK-ARM\\STM32L-Discovery\\STM32L-Discovery.axf" 
Erase Done.
Programming Done.
Verify OK.
